Archive member included to satisfy reference by file (symbol)

d:/gcc-arm-none-eabi-10.3-2021.10/bin/../lib/gcc/arm-none-eabi/10.3.1/thumb/v7-m/nofp\libgcc.a(_arm_muldf3.o)
                              CMakeFiles/MySmartcar.elf.dir/include/MPU6050/inv_mpu.c.obj (__aeabi_dmul)
d:/gcc-arm-none-eabi-10.3-2021.10/bin/../lib/gcc/arm-none-eabi/10.3.1/thumb/v7-m/nofp\libgcc.a(_arm_mulsf3.o)
                              CMakeFiles/MySmartcar.elf.dir/include/MPU6050/inv_mpu.c.obj (__aeabi_fmul)
d:/gcc-arm-none-eabi-10.3-2021.10/bin/../lib/gcc/arm-none-eabi/10.3.1/thumb/v7-m/nofp\libgcc.a(_arm_addsubdf3.o)
                              CMakeFiles/MySmartcar.elf.dir/include/MPU6050/mpu6050_k.c.obj (__aeabi_dsub)
d:/gcc-arm-none-eabi-10.3-2021.10/bin/../lib/gcc/arm-none-eabi/10.3.1/thumb/v7-m/nofp\libgcc.a(_arm_muldivdf3.o)
                              CMakeFiles/MySmartcar.elf.dir/include/MPU6050/mpu6050.c.obj (__aeabi_ddiv)
d:/gcc-arm-none-eabi-10.3-2021.10/bin/../lib/gcc/arm-none-eabi/10.3.1/thumb/v7-m/nofp\libgcc.a(_arm_cmpdf2.o)
                              CMakeFiles/MySmartcar.elf.dir/include/MPU6050/mpu6050_k.c.obj (__aeabi_dcmpeq)
d:/gcc-arm-none-eabi-10.3-2021.10/bin/../lib/gcc/arm-none-eabi/10.3.1/thumb/v7-m/nofp\libgcc.a(_arm_fixdfsi.o)
                              CMakeFiles/MySmartcar.elf.dir/include/motor/encoder.c.obj (__aeabi_d2iz)
d:/gcc-arm-none-eabi-10.3-2021.10/bin/../lib/gcc/arm-none-eabi/10.3.1/thumb/v7-m/nofp\libgcc.a(_arm_truncdfsf2.o)
                              CMakeFiles/MySmartcar.elf.dir/include/MPU6050/inv_mpu.c.obj (__aeabi_d2f)
d:/gcc-arm-none-eabi-10.3-2021.10/bin/../lib/gcc/arm-none-eabi/10.3.1/thumb/v7-m/nofp\libgcc.a(_arm_addsubsf3.o)
                              CMakeFiles/MySmartcar.elf.dir/include/MPU6050/inv_mpu.c.obj (__aeabi_fsub)
d:/gcc-arm-none-eabi-10.3-2021.10/bin/../lib/gcc/arm-none-eabi/10.3.1/thumb/v7-m/nofp\libgcc.a(_arm_muldivsf3.o)
                              CMakeFiles/MySmartcar.elf.dir/include/MPU6050/inv_mpu.c.obj (__aeabi_fdiv)
d:/gcc-arm-none-eabi-10.3-2021.10/bin/../lib/gcc/arm-none-eabi/10.3.1/thumb/v7-m/nofp\libgcc.a(_arm_cmpsf2.o)
                              CMakeFiles/MySmartcar.elf.dir/include/MPU6050/inv_mpu.c.obj (__aeabi_fcmpeq)
d:/gcc-arm-none-eabi-10.3-2021.10/bin/../lib/gcc/arm-none-eabi/10.3.1/thumb/v7-m/nofp\libgcc.a(_arm_fixsfsi.o)
                              CMakeFiles/MySmartcar.elf.dir/include/MPU6050/inv_mpu.c.obj (__aeabi_f2iz)
d:/gcc-arm-none-eabi-10.3-2021.10/bin/../lib/gcc/arm-none-eabi/10.3.1/thumb/v7-m/nofp\libgcc.a(_arm_fixunssfsi.o)
                              CMakeFiles/MySmartcar.elf.dir/include/MPU6050/inv_mpu_dmp_motion_driver.c.obj (__aeabi_f2uiz)
d:/gcc-arm-none-eabi-10.3-2021.10/bin/../lib/gcc/arm-none-eabi/10.3.1/thumb/v7-m/nofp\libgcc.a(_aeabi_ldivmod.o)
                              CMakeFiles/MySmartcar.elf.dir/include/MPU6050/inv_mpu.c.obj (__aeabi_ldivmod)
d:/gcc-arm-none-eabi-10.3-2021.10/bin/../lib/gcc/arm-none-eabi/10.3.1/thumb/v7-m/nofp\libgcc.a(_udivmoddi4.o)
                              d:/gcc-arm-none-eabi-10.3-2021.10/bin/../lib/gcc/arm-none-eabi/10.3.1/thumb/v7-m/nofp\libgcc.a(_aeabi_ldivmod.o) (__udivmoddi4)
d:/gcc-arm-none-eabi-10.3-2021.10/bin/../lib/gcc/arm-none-eabi/10.3.1/thumb/v7-m/nofp\libgcc.a(_dvmd_tls.o)
                              d:/gcc-arm-none-eabi-10.3-2021.10/bin/../lib/gcc/arm-none-eabi/10.3.1/thumb/v7-m/nofp\libgcc.a(_aeabi_ldivmod.o) (__aeabi_ldiv0)
d:/gcc-arm-none-eabi-10.3-2021.10/bin/../lib/gcc/arm-none-eabi/10.3.1/../../../../arm-none-eabi/lib/thumb/v7-m/nofp\libg.a(lib_a-atoi.o)
                              CMakeFiles/MySmartcar.elf.dir/Core/Src/main.c.obj (atoi)
d:/gcc-arm-none-eabi-10.3-2021.10/bin/../lib/gcc/arm-none-eabi/10.3.1/../../../../arm-none-eabi/lib/thumb/v7-m/nofp\libg.a(lib_a-errno.o)
                              CMakeFiles/MySmartcar.elf.dir/Core/Src/syscalls.c.obj (__errno)
d:/gcc-arm-none-eabi-10.3-2021.10/bin/../lib/gcc/arm-none-eabi/10.3.1/../../../../arm-none-eabi/lib/thumb/v7-m/nofp\libg.a(lib_a-exit.o)
                              d:/gcc-arm-none-eabi-10.3-2021.10/bin/../lib/gcc/arm-none-eabi/10.3.1/../../../../arm-none-eabi/lib/thumb/v7-m/nofp/crt0.o (exit)
d:/gcc-arm-none-eabi-10.3-2021.10/bin/../lib/gcc/arm-none-eabi/10.3.1/../../../../arm-none-eabi/lib/thumb/v7-m/nofp\libg.a(lib_a-impure.o)
                              d:/gcc-arm-none-eabi-10.3-2021.10/bin/../lib/gcc/arm-none-eabi/10.3.1/../../../../arm-none-eabi/lib/thumb/v7-m/nofp\libg.a(lib_a-exit.o) (_global_impure_ptr)
d:/gcc-arm-none-eabi-10.3-2021.10/bin/../lib/gcc/arm-none-eabi/10.3.1/../../../../arm-none-eabi/lib/thumb/v7-m/nofp\libg.a(lib_a-init.o)
                              d:/gcc-arm-none-eabi-10.3-2021.10/bin/../lib/gcc/arm-none-eabi/10.3.1/../../../../arm-none-eabi/lib/thumb/v7-m/nofp/crt0.o (__libc_init_array)
d:/gcc-arm-none-eabi-10.3-2021.10/bin/../lib/gcc/arm-none-eabi/10.3.1/../../../../arm-none-eabi/lib/thumb/v7-m/nofp\libg.a(lib_a-memcmp.o)
[...]
Memory Configuration

Name             Origin             Length             Attributes
RAM              0x20000000         0x00010000         xrw
FLASH            0x08000000         0x00080000         xr
*default*        0x00000000         0xffffffff

Linker script and memory map

LOAD d:/gcc-arm-none-eabi-10.3-2021.10/bin/../lib/gcc/arm-none-eabi/10.3.1/thumb/v7-m/nofp/crti.o
LOAD d:/gcc-arm-none-eabi-10.3-2021.10/bin/../lib/gcc/arm-none-eabi/10.3.1/thumb/v7-m/nofp/crtbegin.o
LOAD d:/gcc-arm-none-eabi-10.3-2021.10/bin/../lib/gcc/arm-none-eabi/10.3.1/../../../../arm-none-eabi/lib/thumb/v7-m/nofp/crt0.o
LOAD CMakeFiles/MySmartcar.elf.dir/Core/Src/gpio.c.obj
LOAD CMakeFiles/MySmartcar.elf.dir/Core/Src/i2c.c.obj
LOAD CMakeFiles/MySmartcar.elf.dir/Core/Src/main.c.obj
LOAD CMakeFiles/MySmartcar.elf.dir/Core/Src/spi.c.obj
LOAD CMakeFiles/MySmartcar.elf.dir/Core/Src/stm32f1xx_hal_msp.c.obj
LOAD CMakeFiles/MySmartcar.elf.dir/Core/Src/stm32f1xx_it.c.obj
LOAD CMakeFiles/MySmartcar.elf.dir/Core/Src/syscalls.c.obj
LOAD CMakeFiles/MySmartcar.elf.dir/Core/Src/sysmem.c.obj
LOAD CMakeFiles/MySmartcar.elf.dir/Core/Src/system_stm32f1xx.c.obj
LOAD CMakeFiles/MySmartcar.elf.dir/Core/Src/tim.c.obj
LOAD CMakeFiles/MySmartcar.elf.dir/Core/Src/usart.c.obj
LOAD CMakeFiles/MySmartcar.elf.dir/Core/Startup/startup_stm32f103zetx.s.obj
LOAD CMakeFiles/MySmartcar.elf.dir/Drivers/STM32F1xx_HAL_Driver/Src/stm32f1xx_hal.c.obj
LOAD CMakeFiles/MySmartcar.elf.dir/Drivers/STM32F1xx_HAL_Driver/Src/stm32f1xx_hal_cortex.c.obj
LOAD CMakeFiles/MySmartcar.elf.dir/Drivers/STM32F1xx_HAL_Driver/Src/stm32f1xx_hal_dma.c.obj
LOAD CMakeFiles/MySmartcar.elf.dir/Drivers/STM32F1xx_HAL_Driver/Src/stm32f1xx_hal_exti.c.obj
LOAD CMakeFiles/MySmartcar.elf.dir/Drivers/STM32F1xx_HAL_Driver/Src/stm32f1xx_hal_flash.c.obj
LOAD CMakeFiles/MySmartcar.elf.dir/Drivers/STM32F1xx_HAL_Driver/Src/stm32f1xx_hal_flash_ex.c.obj
LOAD CMakeFiles/MySmartcar.elf.dir/Drivers/STM32F1xx_HAL_Driver/Src/stm32f1xx_hal_gpio.c.obj
LOAD CMakeFiles/MySmartcar.elf.dir/Drivers/STM32F1xx_HAL_Driver/Src/stm32f1xx_hal_gpio_ex.c.obj
LOAD CMakeFiles/MySmartcar.elf.dir/Drivers/STM32F1xx_HAL_Driver/Src/stm32f1xx_hal_i2c.c.obj
LOAD CMakeFiles/MySmartcar.elf.dir/Drivers/STM32F1xx_HAL_Driver/Src/stm32f1xx_hal_pwr.c.obj
LOAD CMakeFiles/MySmartcar.elf.dir/Drivers/STM32F1xx_HAL_Driver/Src/stm32f1xx_hal_rcc.c.obj
LOAD CMakeFiles/MySmartcar.elf.dir/Drivers/STM32F1xx_HAL_Driver/Src/stm32f1xx_hal_rcc_ex.c.obj
LOAD CMakeFiles/MySmartcar.elf.dir/Drivers/STM32F1xx_HAL_Driver/Src/stm32f1xx_hal_spi.c.obj
LOAD CMakeFiles/MySmartcar.elf.dir/Drivers/STM32F1xx_HAL_Driver/Src/stm32f1xx_hal_tim.c.obj
LOAD CMakeFiles/MySmartcar.elf.dir/Drivers/STM32F1xx_HAL_Driver/Src/stm32f1xx_hal_tim_ex.c.obj
LOAD CMakeFiles/MySmartcar.elf.dir/Drivers/STM32F1xx_HAL_Driver/Src/stm32f1xx_hal_uart.c.obj
LOAD CMakeFiles/MySmartcar.elf.dir/include/MPU6050/inv_mpu.c.obj
LOAD CMakeFiles/MySmartcar.elf.dir/include/MPU6050/inv_mpu_dmp_motion_driver.c.obj
LOAD CMakeFiles/MySmartcar.elf.dir/include/MPU6050/mpu6050.c.obj
LOAD CMakeFiles/MySmartcar.elf.dir/include/MPU6050/mpu6050_k.c.obj
LOAD CMakeFiles/MySmartcar.elf.dir/include/NRF24L01/NRF24L01.c.obj
LOAD CMakeFiles/MySmartcar.elf.dir/include/motor/car_control.c.obj
LOAD CMakeFiles/MySmartcar.elf.dir/include/motor/encoder.c.obj
LOAD CMakeFiles/MySmartcar.elf.dir/include/motor/pid.c.obj
LOAD CMakeFiles/MySmartcar.elf.dir/include/oled/oled.c.obj
LOAD CMakeFiles/MySmartcar.elf.dir/include/oled/oled_gui.c.obj
LOAD CMakeFiles/MySmartcar.elf.dir/include/sensor/sensor.c.obj
START GROUP
LOAD d:/gcc-arm-none-eabi-10.3-2021.10/bin/../lib/gcc/arm-none-eabi/10.3.1/thumb/v7-m/nofp\libgcc.a
LOAD d:/gcc-arm-none-eabi-10.3-2021.10/bin/../lib/gcc/arm-none-eabi/10.3.1/../../../../arm-none-eabi/lib/thumb/v7-m/nofp\libg.a
LOAD d:/gcc-arm-none-eabi-10.3-2021.10/bin/../lib/gcc/arm-none-eabi/10.3.1/../../../../arm-none-eabi/lib/thumb/v7-m/nofp\libc.a
END GROUP
LOAD d:/gcc-arm-none-eabi-10.3-2021.10/bin/../lib/gcc/arm-none-eabi/10.3.1/thumb/v7-m/nofp/crtend.o
LOAD d:/gcc-arm-none-eabi-10.3-2021.10/bin/../lib/gcc/arm-none-eabi/10.3.1/thumb/v7-m/nofp/crtn.o
                0x20010000                _estack = (ORIGIN (RAM) + LENGTH (RAM))
                0x00000200                _Min_Heap_Size = 0x200
                0x00000400                _Min_Stack_Size = 0x400

.isr_vector     0x08000000      0x1e4
                0x08000000                . = ALIGN (0x4)
 *(.isr_vector)
 .isr_vector    0x08000000      0x1e4 CMakeFiles/MySmartcar.elf.dir/Core/Startup/startup_stm32f103zetx.s.obj
                0x08000000                g_pfnVectors
                0x080001e4                . = ALIGN (0x4)

.text           0x080001e8    0x11564
                0x080001e8                . = ALIGN (0x4)
 *(.text)
 .text          0x080001e8       0x40 d:/gcc-arm-none-eabi-10.3-2021.10/bin/../lib/gcc/arm-none-eabi/10.3.1/thumb/v7-m/nofp/crtbegin.o
 .text          0x08000228      0x378 d:/gcc-arm-none-eabi-10.3-2021.10/bin/../lib/gcc/arm-none-eabi/10.3.1/thumb/v7-m/nofp\libgcc.a(_arm_addsubdf3.o)
                0x08000228                __aeabi_drsub
                0x08000230                __aeabi_dsub
                0x08000230                __subdf3
                0x08000234                __aeabi_dadd
                0x08000234                __adddf3
                0x080004ac                __floatunsidf
                0x080004ac                __aeabi_ui2d
                0x080004cc                __floatsidf
                0x080004cc                __aeabi_i2d
                0x080004f0                __aeabi_f2d
                0x080004f0                __extendsfdf2
                0x08000534                __floatundidf
                0x08000534                __aeabi_ul2d
                0x08000544                __floatdidf
                0x08000544                __aeabi_l2d
 .text          0x080005a0      0x424 d:/gcc-arm-none-eabi-10.3-2021.10/bin/../lib/gcc/arm-none-eabi/10.3.1/thumb/v7-m/nofp\libgcc.a(_arm_muldivdf3.o)
                0x080005a0                __aeabi_dmul
                0x080005a0                __muldf3
                0x080007f4                __divdf3
                0x080007f4                __aeabi_ddiv
 .text          0x080009c4      0x110 d:/gcc-arm-none-eabi-10.3-2021.10/bin/../lib/gcc/arm-none-eabi/10.3.1/thumb/v7-m/nofp\libgcc.a(_arm_cmpdf2.o)
                0x080009c4                __gtdf2
                0x080009c4                __gedf2
                0x080009cc                __ltdf2
                0x080009cc                __ledf2
                0x080009d4                __nedf2
                0x080009d4                __eqdf2
                0x080009d4                __cmpdf2
                0x08000a50                __aeabi_cdrcmple
                0x08000a60                __aeabi_cdcmpeq
                0x08000a60                __aeabi_cdcmple
                0x08000a70                __aeabi_dcmpeq
                0x08000a84                __aeabi_dcmplt
                0x08000a98                __aeabi_dcmple
                0x08000aac                __aeabi_dcmpge
                0x08000ac0                __aeabi_dcmpgt
 .text          0x08000ad4       0x50 d:/gcc-arm-none-eabi-10.3-2021.10/bin/../lib/gcc/arm-none-eabi/10.3.1/thumb/v7-m/nofp\libgcc.a(_arm_fixdfsi.o)
                0x08000ad4                __aeabi_d2iz
                0x08000ad4                __fixdfsi
 .text          0x08000b24       0xa0 d:/gcc-arm-none-eabi-10.3-2021.10/bin/../lib/gcc/arm-none-eabi/10.3.1/thumb/v7-m/nofp\libgcc.a(_arm_truncdfsf2.o)
                0x08000b24                __truncdfsf2
                0x08000b24                __aeabi_d2f
 .text          0x08000bc4      0x21c d:/gcc-arm-none-eabi-10.3-2021.10/bin/../lib/gcc/arm-none-eabi/10.3.1/thumb/v7-m/nofp\libgcc.a(_arm_addsubsf3.o)
                0x08000bc4                __aeabi_frsub
                0x08000bcc                __subsf3
                0x08000bcc                __aeabi_fsub
                0x08000bd0                __aeabi_fadd
                0x08000bd0                __addsf3
                0x08000d30                __aeabi_ui2f
                0x08000d30                __floatunsisf
                0x08000d38                __aeabi_i2f
                0x08000d38                __floatsisf
                0x08000d54                __aeabi_ul2f
                0x08000d54                __floatundisf
                0x08000d64                __aeabi_l2f
                0x08000d64                __floatdisf
 .text          0x08000de0      0x2a0 d:/gcc-arm-none-eabi-10.3-2021.10/bin/../lib/gcc/arm-none-eabi/10.3.1/thumb/v7-m/nofp\libgcc.a(_arm_muldivsf3.o)
                0x08000de0                __mulsf3
                0x08000de0                __aeabi_fmul
                0x08000f48                __aeabi_fdiv
                0x08000f48                __divsf3
 .text          0x08001080       0xec d:/gcc-arm-none-eabi-10.3-2021.10/bin/../lib/gcc/arm-none-eabi/10.3.1/thumb/v7-m/nofp\libgcc.a(_arm_cmpsf2.o)
                0x08001080                __gesf2
                0x08001080                __gtsf2
                0x08001088                __lesf2
                0x08001088                __ltsf2
                0x08001090                __nesf2
                0x08001090                __eqsf2
                0x08001090                __cmpsf2
                0x080010f0                __aeabi_cfrcmple
                0x080010f8                __aeabi_cfcmpeq
                0x080010f8                __aeabi_cfcmple
                0x08001108                __aeabi_fcmpeq
                0x0800111c                __aeabi_fcmplt
                0x08001130                __aeabi_fcmple
                0x08001144                __aeabi_fcmpge
                0x08001158                __aeabi_fcmpgt
 .text          0x0800116c       0x4c d:/gcc-arm-none-eabi-10.3-2021.10/bin/../lib/gcc/arm-none-eabi/10.3.1/thumb/v7-m/nofp\libgcc.a(_arm_fixsfsi.o)
                0x0800116c                __aeabi_f2iz
                0x0800116c                __fixsfsi
 .text          0x080011b8       0x40 d:/gcc-arm-none-eabi-10.3-2021.10/bin/../lib/gcc/arm-none-eabi/10.3.1/thumb/v7-m/nofp\libgcc.a(_arm_fixunssfsi.o)
                0x080011b8                __fixunssfsi
                0x080011b8                __aeabi_f2uiz
 .text          0x080011f8       0xa0 d:/gcc-arm-none-eabi-10.3-2021.10/bin/../lib/gcc/arm-none-eabi/10.3.1/thumb/v7-m/nofp\libgcc.a(_aeabi_ldivmod.o)
                0x080011f8                __aeabi_ldivmod
 .text          0x08001298      0x2d4 d:/gcc-arm-none-eabi-10.3-2021.10/bin/../lib/gcc/arm-none-eabi/10.3.1/thumb/v7-m/nofp\libgcc.a(_udivmoddi4.o)
                0x08001298                __udivmoddi4
 .text          0x0800156c        0x4 d:/gcc-arm-none-eabi-10.3-2021.10/bin/../lib/gcc/arm-none-eabi/10.3.1/thumb/v7-m/nofp\libgcc.a(_dvmd_tls.o)
                0x0800156c                __aeabi_idiv0
                0x0800156c                __aeabi_ldiv0
 .text          0x08001570       0xec d:/gcc-arm-none-eabi-10.3-2021.10/bin/../lib/gcc/arm-none-eabi/10.3.1/../../../../arm-none-eabi/lib/thumb/v7-m/nofp\libg.a(lib_a-memcpy.o)
                0x08001570                memcpy
 .text          0x0800165c      0x1bc d:/gcc-arm-none-eabi-10.3-2021.10/bin/../lib/gcc/arm-none-eabi/10.3.1/../../../../arm-none-eabi/lib/thumb/v7-m/nofp\libg.a(lib_a-strcmp.o)
                0x0800165c                strcmp
 .text          0x08001818       0x2c d:/gcc-arm-none-eabi-10.3-2021.10/bin/../lib/gcc/arm-none-eabi/10.3.1/thumb/v7-m/nofp\libgcc.a(_arm_unorddf2.o)
                0x08001818                __unorddf2
                0x08001818                __aeabi_dcmpun
 .text          0x08001844       0x30 d:/gcc-arm-none-eabi-10.3-2021.10/bin/../lib/gcc/arm-none-eabi/10.3.1/thumb/v7-m/nofp\libgcc.a(_aeabi_uldivmod.o)
                0x08001844                __aeabi_uldivmod
 *(.text*)
 .text.MX_GPIO_Init
                0x08001874       0xf4 CMakeFiles/MySmartcar.elf.dir/Core/Src/gpio.c.obj
                0x08001874                MX_GPIO_Init
 .text.MX_I2C1_Init
                0x08001968       0x3c CMakeFiles/MySmartcar.elf.dir/Core/Src/i2c.c.obj
                0x08001968                MX_I2C1_Init
 .text.HAL_I2C_MspInit
                0x080019a4       0x78 CMakeFiles/MySmartcar.elf.dir/Core/Src/i2c.c.obj
                0x080019a4                HAL_I2C_MspInit
 .text.HAL_TIM_PeriodElapsedCallback
                0x08001a1c       0xe4 CMakeFiles/MySmartcar.elf.dir/Core/Src/main.c.obj
                0x08001a1c                HAL_TIM_PeriodElapsedCallback
 .text.HAL_UART_RxCpltCallback
                0x08001b00      0x294 CMakeFiles/MySmartcar.elf.dir/Core/Src/main.c.obj
                0x08001b00                HAL_UART_RxCpltCallback
 .text.Error_Handler
                0x08001d94        0x4 CMakeFiles/MySmartcar.elf.dir/Core/Src/main.c.obj
                0x08001d94                Error_Handler
 .text.SystemClock_Config
                0x08001d98       0x64 CMakeFiles/MySmartcar.elf.dir/Core/Src/main.c.obj
                0x08001d98                SystemClock_Config
 .text.main     0x08001dfc      0x284 CMakeFiles/MySmartcar.elf.dir/Core/Src/main.c.obj
                0x08001dfc                main
 .text.MX_SPI1_Init
                0x08002080       0x44 CMakeFiles/MySmartcar.elf.dir/Core/Src/spi.c.obj
                0x08002080                MX_SPI1_Init
 .text.MX_SPI2_Init
                0x080020c4       0x44 CMakeFiles/MySmartcar.elf.dir/Core/Src/spi.c.obj
                0x080020c4                MX_SPI2_Init
 .text.HAL_SPI_MspInit
                0x08002108       0xe8 CMakeFiles/MySmartcar.elf.dir/Core/Src/spi.c.obj
                0x08002108                HAL_SPI_MspInit
 .text.HAL_MspInit
                0x080021f0       0x44 CMakeFiles/MySmartcar.elf.dir/Core/Src/stm32f1xx_hal_msp.c.obj
                0x080021f0                HAL_MspInit
 .text.NMI_Handler
                0x08002234        0x2 CMakeFiles/MySmartcar.elf.dir/Core/Src/stm32f1xx_it.c.obj
                0x08002234                NMI_Handler
 .text.HardFault_Handler
                0x08002236        0x2 CMakeFiles/MySmartcar.elf.dir/Core/Src/stm32f1xx_it.c.obj
                0x08002236                HardFault_Handler
 .text.MemManage_Handler
                0x08002238        0x2 CMakeFiles/MySmartcar.elf.dir/Core/Src/stm32f1xx_it.c.obj
                0x08002238                MemManage_Handler
 .text.BusFault_Handler
                0x0800223a        0x2 CMakeFiles/MySmartcar.elf.dir/Core/Src/stm32f1xx_it.c.obj
                0x0800223a                BusFault_Handler
 .text.UsageFault_Handler
                0x0800223c        0x2 CMakeFiles/MySmartcar.elf.dir/Core/Src/stm32f1xx_it.c.obj
                0x0800223c                UsageFault_Handler
 .text.SVC_Handler
                0x0800223e        0x2 CMakeFiles/MySmartcar.elf.dir/Core/Src/stm32f1xx_it.c.obj
                0x0800223e                SVC_Handler
 .text.DebugMon_Handler
                0x08002240        0x2 CMakeFiles/MySmartcar.elf.dir/Core/Src/stm32f1xx_it.c.obj
                0x08002240                DebugMon_Handler
 .text.PendSV_Handler
                0x08002242        0x2 CMakeFiles/MySmartcar.elf.dir/Core/Src/stm32f1xx_it.c.obj
                0x08002242                PendSV_Handler
 .text.SysTick_Handler
                0x08002244        0x8 CMakeFiles/MySmartcar.elf.dir/Core/Src/stm32f1xx_it.c.obj
                0x08002244                SysTick_Handler
 .text.TIM1_BRK_IRQHandler
                0x0800224c       0x10 CMakeFiles/MySmartcar.elf.dir/Core/Src/stm32f1xx_it.c.obj
                0x0800224c                TIM1_BRK_IRQHandler
 .text.TIM1_UP_IRQHandler
                0x0800225c       0x10 CMakeFiles/MySmartcar.elf.dir/Core/Src/stm32f1xx_it.c.obj
                0x0800225c                TIM1_UP_IRQHandler
 .text.TIM1_TRG_COM_IRQHandler
                0x0800226c       0x10 CMakeFiles/MySmartcar.elf.dir/Core/Src/stm32f1xx_it.c.obj
                0x0800226c                TIM1_TRG_COM_IRQHandler
 .text.TIM1_CC_IRQHandler
                0x0800227c       0x10 CMakeFiles/MySmartcar.elf.dir/Core/Src/stm32f1xx_it.c.obj
                0x0800227c                TIM1_CC_IRQHandler
 .text.TIM2_IRQHandler
                0x0800228c       0x10 CMakeFiles/MySmartcar.elf.dir/Core/Src/stm32f1xx_it.c.obj
                0x0800228c                TIM2_IRQHandler
 .text.TIM3_IRQHandler
                0x0800229c       0x10 CMakeFiles/MySmartcar.elf.dir/Core/Src/stm32f1xx_it.c.obj
                0x0800229c                TIM3_IRQHandler
 .text.TIM4_IRQHandler
                0x080022ac       0x10 CMakeFiles/MySmartcar.elf.dir/Core/Src/stm32f1xx_it.c.obj
                0x080022ac                TIM4_IRQHandler
 .text.SPI2_IRQHandler
                0x080022bc       0x10 CMakeFiles/MySmartcar.elf.dir/Core/Src/stm32f1xx_it.c.obj
                0x080022bc                SPI2_IRQHandler
 .text.USART1_IRQHandler
                0x080022cc       0x10 CMakeFiles/MySmartcar.elf.dir/Core/Src/stm32f1xx_it.c.obj
                0x080022cc                USART1_IRQHandler
 .text.USART2_IRQHandler
                0x080022dc       0x10 CMakeFiles/MySmartcar.elf.dir/Core/Src/stm32f1xx_it.c.obj
                0x080022dc                USART2_IRQHandler
 .text.TIM8_BRK_IRQHandler
                0x080022ec       0x10 CMakeFiles/MySmartcar.elf.dir/Core/Src/stm32f1xx_it.c.obj
                0x080022ec                TIM8_BRK_IRQHandler
 .text.TIM5_IRQHandler
                0x080022fc       0x10 CMakeFiles/MySmartcar.elf.dir/Core/Src/stm32f1xx_it.c.obj
                0x080022fc                TIM5_IRQHandler
 .text.TIM6_IRQHandler
                0x0800230c       0x10 CMakeFiles/MySmartcar.elf.dir/Core/Src/stm32f1xx_it.c.obj
                0x0800230c                TIM6_IRQHandler
 .text.TIM7_IRQHandler
                0x0800231c       0x10 CMakeFiles/MySmartcar.elf.dir/Core/Src/stm32f1xx_it.c.obj
                0x0800231c                TIM7_IRQHandler
 .text._getpid  0x0800232c        0x4 CMakeFiles/MySmartcar.elf.dir/Core/Src/syscalls.c.obj
                0x0800232c                _getpid
 .text._kill    0x08002330       0x10 CMakeFiles/MySmartcar.elf.dir/Core/Src/syscalls.c.obj
                0x08002330                _kill
 .text._exit    0x08002340        0xc CMakeFiles/MySmartcar.elf.dir/Core/Src/syscalls.c.obj
                0x08002340                _exit
 .text._read    0x0800234c       0x20 CMakeFiles/MySmartcar.elf.dir/Core/Src/syscalls.c.obj
                0x0800234c                _read
 .text._write   0x0800236c       0x1c CMakeFiles/MySmartcar.elf.dir/Core/Src/syscalls.c.obj
                0x0800236c                _write
 .text._close   0x08002388        0x6 CMakeFiles/MySmartcar.elf.dir/Core/Src/syscalls.c.obj
                0x08002388                _close
 .text._fstat   0x0800238e        0xa CMakeFiles/MySmartcar.elf.dir/Core/Src/syscalls.c.obj
                0x0800238e                _fstat
 .text._isatty  0x08002398        0x4 CMakeFiles/MySmartcar.elf.dir/Core/Src/syscalls.c.obj
                0x08002398                _isatty
 .text._lseek   0x0800239c        0x4 CMakeFiles/MySmartcar.elf.dir/Core/Src/syscalls.c.obj
                0x0800239c                _lseek
 .text._sbrk    0x080023a0       0x48 CMakeFiles/MySmartcar.elf.dir/Core/Src/sysmem.c.obj
                0x080023a0                _sbrk
 .text.SystemInit
                0x080023e8        0x2 CMakeFiles/MySmartcar.elf.dir/Core/Src/system_stm32f1xx.c.obj
                0x080023e8                SystemInit
 *fill*         0x080023ea        0x2 
 .text.MX_TIM3_Init
                0x080023ec       0x64 CMakeFiles/MySmartcar.elf.dir/Core/Src/tim.c.obj
                0x080023ec                MX_TIM3_Init
 .text.MX_TIM4_Init
                0x08002450       0x64 CMakeFiles/MySmartcar.elf.dir/Core/Src/tim.c.obj
                0x08002450                MX_TIM4_Init
 .text.MX_TIM5_Init
                0x080024b4       0x64 CMakeFiles/MySmartcar.elf.dir/Core/Src/tim.c.obj
                0x080024b4                MX_TIM5_Init
 .text.MX_TIM6_Init
                0x08002518       0x50 CMakeFiles/MySmartcar.elf.dir/Core/Src/tim.c.obj
                0x08002518                MX_TIM6_Init
 .text.MX_TIM7_Init
                0x08002568       0x4c CMakeFiles/MySmartcar.elf.dir/Core/Src/tim.c.obj
                0x08002568                MX_TIM7_Init
 .text.MX_TIM8_Init
                0x080025b4       0x68 CMakeFiles/MySmartcar.elf.dir/Core/Src/tim.c.obj
                0x080025b4                MX_TIM8_Init
 .text.HAL_TIM_Base_MspInit
                0x0800261c      0x100 CMakeFiles/MySmartcar.elf.dir/Core/Src/tim.c.obj
                0x0800261c                HAL_TIM_Base_MspInit
 .text.HAL_TIM_Encoder_MspInit
                0x0800271c      0x174 CMakeFiles/MySmartcar.elf.dir/Core/Src/tim.c.obj
                0x0800271c                HAL_TIM_Encoder_MspInit
 .text.HAL_TIM_MspPostInit
                0x08002890       0xd0 CMakeFiles/MySmartcar.elf.dir/Core/Src/tim.c.obj
                0x08002890                HAL_TIM_MspPostInit
 .text.MX_TIM1_Init
                0x08002960      0x120 CMakeFiles/MySmartcar.elf.dir/Core/Src/tim.c.obj
                0x08002960                MX_TIM1_Init
 .text.MX_TIM2_Init
                0x08002a80       0xe8 CMakeFiles/MySmartcar.elf.dir/Core/Src/tim.c.obj
                0x08002a80                MX_TIM2_Init
 .text.MX_USART1_UART_Init
                0x08002b68       0x34 CMakeFiles/MySmartcar.elf.dir/Core/Src/usart.c.obj
                0x08002b68                MX_USART1_UART_Init
 .text.MX_USART2_UART_Init
                0x08002b9c       0x34 CMakeFiles/MySmartcar.elf.dir/Core/Src/usart.c.obj
                0x08002b9c                MX_USART2_UART_Init
 .text.HAL_UART_MspInit
                0x08002bd0      0x10c CMakeFiles/MySmartcar.elf.dir/Core/Src/usart.c.obj
                0x08002bd0                HAL_UART_MspInit
 .text.Reset_Handler
                0x08002cdc       0x48 CMakeFiles/MySmartcar.elf.dir/Core/Startup/startup_stm32f103zetx.s.obj
                0x08002cdc                Reset_Handler
 .text.Default_Handler
                0x08002d24        0x2 CMakeFiles/MySmartcar.elf.dir/Core/Startup/startup_stm32f103zetx.s.obj
                0x08002d24                RTC_Alarm_IRQHandler
                0x08002d24                EXTI2_IRQHandler
                0x08002d24                TIM8_TRG_COM_IRQHandler
                0x08002d24                TIM8_CC_IRQHandler
                0x08002d24                PVD_IRQHandler
                0x08002d24                SDIO_IRQHandler
                0x08002d24                EXTI3_IRQHandler
                0x08002d24                EXTI0_IRQHandler
                0x08002d24                I2C2_EV_IRQHandler
                0x08002d24                ADC1_2_IRQHandler
                0x08002d24                SPI1_IRQHandler
                0x08002d24                TAMPER_IRQHandler
                0x08002d24                TIM8_UP_IRQHandler
                0x08002d24                DMA2_Channel2_IRQHandler
                0x08002d24                DMA1_Channel4_IRQHandler
                0x08002d24                USART3_IRQHandler
                0x08002d24                RTC_IRQHandler
                0x08002d24                DMA1_Channel7_IRQHandler
                0x08002d24                CAN1_RX1_IRQHandler
                0x08002d24                UART5_IRQHandler
                0x08002d24                ADC3_IRQHandler
                0x08002d24                DMA2_Channel1_IRQHandler
                0x08002d24                I2C1_EV_IRQHandler
                0x08002d24                DMA1_Channel6_IRQHandler
                0x08002d24                UART4_IRQHandler
                0x08002d24                RCC_IRQHandler
                0x08002d24                DMA1_Channel1_IRQHandler
                0x08002d24                Default_Handler
                0x08002d24                EXTI15_10_IRQHandler
                0x08002d24                EXTI9_5_IRQHandler
                0x08002d24                DMA1_Channel5_IRQHandler
                0x08002d24                EXTI4_IRQHandler
                0x08002d24                USB_LP_CAN1_RX0_IRQHandler
                0x08002d24                USB_HP_CAN1_TX_IRQHandler
                0x08002d24                DMA1_Channel3_IRQHandler
                0x08002d24                FSMC_IRQHandler
                0x08002d24                WWDG_IRQHandler
                0x08002d24                EXTI1_IRQHandler
                0x08002d24                DMA2_Channel4_5_IRQHandler
                0x08002d24                I2C2_ER_IRQHandler
                0x08002d24                DMA1_Channel2_IRQHandler
                0x08002d24                CAN1_SCE_IRQHandler
                0x08002d24                FLASH_IRQHandler
                0x08002d24                SPI3_IRQHandler
                0x08002d24                I2C1_ER_IRQHandler
                0x08002d24                USBWakeUp_IRQHandler
                0x08002d24                DMA2_Channel3_IRQHandler
 *fill*         0x08002d26        0x2 
 .text.HAL_InitTick
                0x08002d28       0x4c CMakeFiles/MySmartcar.elf.dir/Drivers/STM32F1xx_HAL_Driver/Src/stm32f1xx_hal.c.obj
                0x08002d28                HAL_InitTick
 .text.HAL_Init
                0x08002d74       0x24 CMakeFiles/MySmartcar.elf.dir/Drivers/STM32F1xx_HAL_Driver/Src/stm32f1xx_hal.c.obj
                0x08002d74                HAL_Init
 .text.HAL_IncTick
                0x08002d98       0x18 CMakeFiles/MySmartcar.elf.dir/Drivers/STM32F1xx_HAL_Driver/Src/stm32f1xx_hal.c.obj
                0x08002d98                HAL_IncTick
 .text.HAL_GetTick
                0x08002db0        0xc CMakeFiles/MySmartcar.elf.dir/Drivers/STM32F1xx_HAL_Driver/Src/stm32f1xx_hal.c.obj
                0x08002db0                HAL_GetTick
 .text.HAL_Delay
                0x08002dbc       0x28 CMakeFiles/MySmartcar.elf.dir/Drivers/STM32F1xx_HAL_Driver/Src/stm32f1xx_hal.c.obj
                0x08002dbc                HAL_Delay
 .text.HAL_NVIC_SetPriorityGrouping
                0x08002de4       0x24 CMakeFiles/MySmartcar.elf.dir/Drivers/STM32F1xx_HAL_Driver/Src/stm32f1xx_hal_cortex.c.obj
                0x08002de4                HAL_NVIC_SetPriorityGrouping
 .text.HAL_NVIC_SetPriority
                0x08002e08       0x70 CMakeFiles/MySmartcar.elf.dir/Drivers/STM32F1xx_HAL_Driver/Src/stm32f1xx_hal_cortex.c.obj
                0x08002e08                HAL_NVIC_SetPriority
 .text.HAL_NVIC_EnableIRQ
                0x08002e78       0x1c CMakeFiles/MySmartcar.elf.dir/Drivers/STM32F1xx_HAL_Driver/Src/stm32f1xx_hal_cortex.c.obj
                0x08002e78                HAL_NVIC_EnableIRQ
 .text.HAL_SYSTICK_Config
                0x08002e94       0x28 CMakeFiles/MySmartcar.elf.dir/Drivers/STM32F1xx_HAL_Driver/Src/stm32f1xx_hal_cortex.c.obj
                0x08002e94                HAL_SYSTICK_Config
 .text.HAL_DMA_Abort
                0x08002ebc       0x46 CMakeFiles/MySmartcar.elf.dir/Drivers/STM32F1xx_HAL_Driver/Src/stm32f1xx_hal_dma.c.obj
                0x08002ebc                HAL_DMA_Abort
 *fill*         0x08002f02        0x2 
 .text.HAL_DMA_Abort_IT
                0x08002f04      0x16c CMakeFiles/MySmartcar.elf.dir/Drivers/STM32F1xx_HAL_Driver/Src/stm32f1xx_hal_dma.c.obj
                0x08002f04                HAL_DMA_Abort_IT
 .text.HAL_GPIO_Init
                0x08003070      0x240 CMakeFiles/MySmartcar.elf.dir/Drivers/STM32F1xx_HAL_Driver/Src/stm32f1xx_hal_gpio.c.obj
                0x08003070                HAL_GPIO_Init
 .text.HAL_GPIO_WritePin
                0x080032b0        0xc CMakeFiles/MySmartcar.elf.dir/Drivers/STM32F1xx_HAL_Driver/Src/stm32f1xx_hal_gpio.c.obj
                0x080032b0                HAL_GPIO_WritePin
 .text.I2C_IsAcknowledgeFailed
                0x080032bc       0x32 CMakeFiles/MySmartcar.elf.dir/Drivers/STM32F1xx_HAL_Driver/Src/stm32f1xx_hal_i2c.c.obj
 .text.I2C_WaitOnFlagUntilTimeout
                0x080032ee       0xaa CMakeFiles/MySmartcar.elf.dir/Drivers/STM32F1xx_HAL_Driver/Src/stm32f1xx_hal_i2c.c.obj
 .text.I2C_WaitOnMasterAddressFlagUntilTimeout
                0x08003398       0xd6 CMakeFiles/MySmartcar.elf.dir/Drivers/STM32F1xx_HAL_Driver/Src/stm32f1xx_hal_i2c.c.obj
 .text.I2C_WaitOnTXEFlagUntilTimeout
                0x0800346e       0x5e CMakeFiles/MySmartcar.elf.dir/Drivers/STM32F1xx_HAL_Driver/Src/stm32f1xx_hal_i2c.c.obj
 .text.I2C_RequestMemoryWrite
                0x080034cc       0xd8 CMakeFiles/MySmartcar.elf.dir/Drivers/STM32F1xx_HAL_Driver/Src/stm32f1xx_hal_i2c.c.obj
 .text.I2C_RequestMemoryRead
                0x080035a4      0x154 CMakeFiles/MySmartcar.elf.dir/Drivers/STM32F1xx_HAL_Driver/Src/stm32f1xx_hal_i2c.c.obj
 .text.I2C_WaitOnBTFFlagUntilTimeout
                0x080036f8       0x5e CMakeFiles/MySmartcar.elf.dir/Drivers/STM32F1xx_HAL_Driver/Src/stm32f1xx_hal_i2c.c.obj
 .text.I2C_WaitOnRXNEFlagUntilTimeout
                0x08003756       0x78 CMakeFiles/MySmartcar.elf.dir/Drivers/STM32F1xx_HAL_Driver/Src/stm32f1xx_hal_i2c.c.obj
 *fill*         0x080037ce        0x2 
 .text.HAL_I2C_Init
                0x080037d0      0x1bc CMakeFiles/MySmartcar.elf.dir/Drivers/STM32F1xx_HAL_Driver/Src/stm32f1xx_hal_i2c.c.obj
                0x080037d0                HAL_I2C_Init
 .text.HAL_I2C_Mem_Write
                0x0800398c      0x164 CMakeFiles/MySmartcar.elf.dir/Drivers/STM32F1xx_HAL_Driver/Src/stm32f1xx_hal_i2c.c.obj
                0x0800398c                HAL_I2C_Mem_Write
 .text.HAL_I2C_Mem_Read
                0x08003af0      0x348 CMakeFiles/MySmartcar.elf.dir/Drivers/STM32F1xx_HAL_Driver/Src/stm32f1xx_hal_i2c.c.obj
                0x08003af0                HAL_I2C_Mem_Read
 .text.RCC_Delay
                0x08003e38       0x2c CMakeFiles/MySmartcar.elf.dir/Drivers/STM32F1xx_HAL_Driver/Src/stm32f1xx_hal_rcc.c.obj
 .text.HAL_RCC_OscConfig
                0x08003e64      0x410 CMakeFiles/MySmartcar.elf.dir/Drivers/STM32F1xx_HAL_Driver/Src/stm32f1xx_hal_rcc.c.obj
                0x08003e64                HAL_RCC_OscConfig
 .text.HAL_RCC_GetSysClockFreq
                0x08004274       0x54 CMakeFiles/MySmartcar.elf.dir/Drivers/STM32F1xx_HAL_Driver/Src/stm32f1xx_hal_rcc.c.obj
                0x08004274                HAL_RCC_GetSysClockFreq
 .text.HAL_RCC_ClockConfig
                0x080042c8      0x16c CMakeFiles/MySmartcar.elf.dir/Drivers/STM32F1xx_HAL_Driver/Src/stm32f1xx_hal_rcc.c.obj
                0x080042c8                HAL_RCC_ClockConfig
 .text.HAL_RCC_GetHCLKFreq
                0x08004434        0xc CMakeFiles/MySmartcar.elf.dir/Drivers/STM32F1xx_HAL_Driver/Src/stm32f1xx_hal_rcc.c.obj
                0x08004434                HAL_RCC_GetHCLKFreq
 .text.HAL_RCC_GetPCLK1Freq
                0x08004440       0x20 CMakeFiles/MySmartcar.elf.dir/Drivers/STM32F1xx_HAL_Driver/Src/stm32f1xx_hal_rcc.c.obj
                0x08004440                HAL_RCC_GetPCLK1Freq
 .text.HAL_RCC_GetPCLK2Freq
                0x08004460       0x20 CMakeFiles/MySmartcar.elf.dir/Drivers/STM32F1xx_HAL_Driver/Src/stm32f1xx_hal_rcc.c.obj
                0x08004460                HAL_RCC_GetPCLK2Freq
 .text.HAL_SPI_Init
                0x08004480       0xb6 CMakeFiles/MySmartcar.elf.dir/Drivers/STM32F1xx_HAL_Driver/Src/stm32f1xx_hal_spi.c.obj
                0x08004480                HAL_SPI_Init
 .text.HAL_SPI_ErrorCallback
                0x08004536        0x2 CMakeFiles/MySmartcar.elf.dir/Drivers/STM32F1xx_HAL_Driver/Src/stm32f1xx_hal_spi.c.obj
                0x08004536                HAL_SPI_ErrorCallback
 .text.HAL_SPI_IRQHandler
                0x08004538      0x108 CMakeFiles/MySmartcar.elf.dir/Drivers/STM32F1xx_HAL_Driver/Src/stm32f1xx_hal_spi.c.obj
                0x08004538                HAL_SPI_IRQHandler
 .text.SPI_DMAAbortOnError
                0x08004640       0x10 CMakeFiles/MySmartcar.elf.dir/Drivers/STM32F1xx_HAL_Driver/Src/stm32f1xx_hal_spi.c.obj
 .text.TIM_OC1_SetConfig
                0x08004650       0x68 CMakeFiles/MySmartcar.elf.dir/Drivers/STM32F1xx_HAL_Driver/Src/stm32f1xx_hal_tim.c.obj
 .text.TIM_OC3_SetConfig
                0x080046b8       0x70 CMakeFiles/MySmartcar.elf.dir/Drivers/STM32F1xx_HAL_Driver/Src/stm32f1xx_hal_tim.c.obj
 .text.TIM_OC4_SetConfig
                0x08004728       0x50 CMakeFiles/MySmartcar.elf.dir/Drivers/STM32F1xx_HAL_Driver/Src/stm32f1xx_hal_tim.c.obj
 .text.TIM_TI1_ConfigInputStage
                0x08004778       0x24 CMakeFiles/MySmartcar.elf.dir/Drivers/STM32F1xx_HAL_Driver/Src/stm32f1xx_hal_tim.c.obj
 .text.TIM_TI2_ConfigInputStage
                0x0800479c       0x26 CMakeFiles/MySmartcar.elf.dir/Drivers/STM32F1xx_HAL_Driver/Src/stm32f1xx_hal_tim.c.obj
 .text.TIM_ITRx_SetConfig
                0x080047c2       0x10 CMakeFiles/MySmartcar.elf.dir/Drivers/STM32F1xx_HAL_Driver/Src/stm32f1xx_hal_tim.c.obj
 *fill*         0x080047d2        0x2 
 .text.HAL_TIM_Base_Start_IT
                0x080047d4       0x78 CMakeFiles/MySmartcar.elf.dir/Drivers/STM32F1xx_HAL_Driver/Src/stm32f1xx_hal_tim.c.obj
                0x080047d4                HAL_TIM_Base_Start_IT
 .text.HAL_TIM_PWM_MspInit
                0x0800484c        0x2 CMakeFiles/MySmartcar.elf.dir/Drivers/STM32F1xx_HAL_Driver/Src/stm32f1xx_hal_tim.c.obj
                0x0800484c                HAL_TIM_PWM_MspInit
 .text.HAL_TIM_OC_DelayElapsedCallback
                0x0800484e        0x2 CMakeFiles/MySmartcar.elf.dir/Drivers/STM32F1xx_HAL_Driver/Src/stm32f1xx_hal_tim.c.obj
                0x0800484e                HAL_TIM_OC_DelayElapsedCallback
 .text.HAL_TIM_IC_CaptureCallback
                0x08004850        0x2 CMakeFiles/MySmartcar.elf.dir/Drivers/STM32F1xx_HAL_Driver/Src/stm32f1xx_hal_tim.c.obj
                0x08004850                HAL_TIM_IC_CaptureCallback
 .text.HAL_TIM_PWM_PulseFinishedCallback
                0x08004852        0x2 CMakeFiles/MySmartcar.elf.dir/Drivers/STM32F1xx_HAL_Driver/Src/stm32f1xx_hal_tim.c.obj
                0x08004852                HAL_TIM_PWM_PulseFinishedCallback
 .text.HAL_TIM_TriggerCallback
                0x08004854        0x2 CMakeFiles/MySmartcar.elf.dir/Drivers/STM32F1xx_HAL_Driver/Src/stm32f1xx_hal_tim.c.obj
                0x08004854                HAL_TIM_TriggerCallback
 .text.HAL_TIM_IRQHandler
                0x08004856      0x17a CMakeFiles/MySmartcar.elf.dir/Drivers/STM32F1xx_HAL_Driver/Src/stm32f1xx_hal_tim.c.obj
                0x08004856                HAL_TIM_IRQHandler
 .text.TIM_Base_SetConfig
                0x080049d0       0x98 CMakeFiles/MySmartcar.elf.dir/Drivers/STM32F1xx_HAL_Driver/Src/stm32f1xx_hal_tim.c.obj
                0x080049d0                TIM_Base_SetConfig
 .text.HAL_TIM_Base_Init
                0x08004a68       0x58 CMakeFiles/MySmartcar.elf.dir/Drivers/STM32F1xx_HAL_Driver/Src/stm32f1xx_hal_tim.c.obj
                0x08004a68                HAL_TIM_Base_Init
 .text.HAL_TIM_PWM_Init
                0x08004ac0       0x58 CMakeFiles/MySmartcar.elf.dir/Drivers/STM32F1xx_HAL_Driver/Src/stm32f1xx_hal_tim.c.obj
                0x08004ac0                HAL_TIM_PWM_Init
 .text.HAL_TIM_Encoder_Init
                0x08004b18       0xb8 CMakeFiles/MySmartcar.elf.dir/Drivers/STM32F1xx_HAL_Driver/Src/stm32f1xx_hal_tim.c.obj
                0x08004b18                HAL_TIM_Encoder_Init
 .text.TIM_OC2_SetConfig
                0x08004bd0       0x70 CMakeFiles/MySmartcar.elf.dir/Drivers/STM32F1xx_HAL_Driver/Src/stm32f1xx_hal_tim.c.obj
                0x08004bd0                TIM_OC2_SetConfig
 .text.HAL_TIM_PWM_ConfigChannel
                0x08004c40       0xdc CMakeFiles/MySmartcar.elf.dir/Drivers/STM32F1xx_HAL_Driver/Src/stm32f1xx_hal_tim.c.obj
                0x08004c40                HAL_TIM_PWM_ConfigChannel
 .text.TIM_ETR_SetConfig
                0x08004d1c       0x18 CMakeFiles/MySmartcar.elf.dir/Drivers/STM32F1xx_HAL_Driver/Src/stm32f1xx_hal_tim.c.obj
                0x08004d1c                TIM_ETR_SetConfig
 .text.HAL_TIM_ConfigClockSource
                0x08004d34       0xfe CMakeFiles/MySmartcar.elf.dir/Drivers/STM32F1xx_HAL_Driver/Src/stm32f1xx_hal_tim.c.obj
                0x08004d34                HAL_TIM_ConfigClockSource
 .text.TIM_CCxChannelCmd
                0x08004e32       0x1e CMakeFiles/MySmartcar.elf.dir/Drivers/STM32F1xx_HAL_Driver/Src/stm32f1xx_hal_tim.c.obj
                0x08004e32                TIM_CCxChannelCmd
 .text.HAL_TIM_PWM_Start_IT
                0x08004e50      0x13c CMakeFiles/MySmartcar.elf.dir/Drivers/STM32F1xx_HAL_Driver/Src/stm32f1xx_hal_tim.c.obj
                0x08004e50                HAL_TIM_PWM_Start_IT
 .text.HAL_TIM_Encoder_Start
                0x08004f8c       0xcc CMakeFiles/MySmartcar.elf.dir/Drivers/STM32F1xx_HAL_Driver/Src/stm32f1xx_hal_tim.c.obj
                0x08004f8c                HAL_TIM_Encoder_Start
 .text.HAL_TIMEx_MasterConfigSynchronization
                0x08005058       0x7c CMakeFiles/MySmartcar.elf.dir/Drivers/STM32F1xx_HAL_Driver/Src/stm32f1xx_hal_tim_ex.c.obj
                0x08005058                HAL_TIMEx_MasterConfigSynchronization
 .text.HAL_TIMEx_ConfigBreakDeadTime
                0x080050d4       0x52 CMakeFiles/MySmartcar.elf.dir/Drivers/STM32F1xx_HAL_Driver/Src/stm32f1xx_hal_tim_ex.c.obj
                0x080050d4                HAL_TIMEx_ConfigBreakDeadTime
 .text.HAL_TIMEx_CommutCallback
                0x08005126        0x2 CMakeFiles/MySmartcar.elf.dir/Drivers/STM32F1xx_HAL_Driver/Src/stm32f1xx_hal_tim_ex.c.obj
                0x08005126                HAL_TIMEx_CommutCallback
 .text.HAL_TIMEx_BreakCallback
                0x08005128        0x2 CMakeFiles/MySmartcar.elf.dir/Drivers/STM32F1xx_HAL_Driver/Src/stm32f1xx_hal_tim_ex.c.obj
                0x08005128                HAL_TIMEx_BreakCallback
 .text.UART_EndRxTransfer
                0x0800512a       0x5c CMakeFiles/MySmartcar.elf.dir/Drivers/STM32F1xx_HAL_Driver/Src/stm32f1xx_hal_uart.c.obj
 .text.UART_Transmit_IT
                0x08005186       0x60 CMakeFiles/MySmartcar.elf.dir/Drivers/STM32F1xx_HAL_Driver/Src/stm32f1xx_hal_uart.c.obj
 *fill*         0x080051e6        0x2 
 .text.UART_SetConfig
                0x080051e8       0x94 CMakeFiles/MySmartcar.elf.dir/Drivers/STM32F1xx_HAL_Driver/Src/stm32f1xx_hal_uart.c.obj
 .text.UART_WaitOnFlagUntilTimeout
                0x0800527c       0x88 CMakeFiles/MySmartcar.elf.dir/Drivers/STM32F1xx_HAL_Driver/Src/stm32f1xx_hal_uart.c.obj
 .text.HAL_UART_Init
                0x08005304       0x60 CMakeFiles/MySmartcar.elf.dir/Drivers/STM32F1xx_HAL_Driver/Src/stm32f1xx_hal_uart.c.obj
                0x08005304                HAL_UART_Init
 .text.HAL_UART_Transmit
                0x08005364       0xbe CMakeFiles/MySmartcar.elf.dir/Drivers/STM32F1xx_HAL_Driver/Src/stm32f1xx_hal_uart.c.obj
                0x08005364                HAL_UART_Transmit
 .text.HAL_UART_TxCpltCallback
                0x08005422        0x2 CMakeFiles/MySmartcar.elf.dir/Drivers/STM32F1xx_HAL_Driver/Src/stm32f1xx_hal_uart.c.obj
                0x08005422                HAL_UART_TxCpltCallback
 .text.UART_EndTransmit_IT
                0x08005424       0x1a CMakeFiles/MySmartcar.elf.dir/Drivers/STM32F1xx_HAL_Driver/Src/stm32f1xx_hal_uart.c.obj
 .text.HAL_UART_ErrorCallback
                0x0800543e        0x2 CMakeFiles/MySmartcar.elf.dir/Drivers/STM32F1xx_HAL_Driver/Src/stm32f1xx_hal_uart.c.obj
                0x0800543e                HAL_UART_ErrorCallback
 .text.UART_DMAAbortOnError
                0x08005440       0x10 CMakeFiles/MySmartcar.elf.dir/Drivers/STM32F1xx_HAL_Driver/Src/stm32f1xx_hal_uart.c.obj
 .text.HAL_UARTEx_RxEventCallback
                0x08005450        0x2 CMakeFiles/MySmartcar.elf.dir/Drivers/STM32F1xx_HAL_Driver/Src/stm32f1xx_hal_uart.c.obj
                0x08005450                HAL_UARTEx_RxEventCallback
 .text.UART_Receive_IT
                0x08005452       0xe6 CMakeFiles/MySmartcar.elf.dir/Drivers/STM32F1xx_HAL_Driver/Src/stm32f1xx_hal_uart.c.obj
 .text.HAL_UART_IRQHandler
                0x08005538      0x288 CMakeFiles/MySmartcar.elf.dir/Drivers/STM32F1xx_HAL_Driver/Src/stm32f1xx_hal_uart.c.obj
                0x08005538                HAL_UART_IRQHandler
 .text.UART_Start_Receive_IT
                0x080057c0       0x36 CMakeFiles/MySmartcar.elf.dir/Drivers/STM32F1xx_HAL_Driver/Src/stm32f1xx_hal_uart.c.obj
                0x080057c0                UART_Start_Receive_IT
 .text.HAL_UART_Receive_IT
                0x080057f6       0x26 CMakeFiles/MySmartcar.elf.dir/Drivers/STM32F1xx_HAL_Driver/Src/stm32f1xx_hal_uart.c.obj
                0x080057f6                HAL_UART_Receive_IT
 .text.get_accel_prod_shift
                0x0800581c       0xc4 CMakeFiles/MySmartcar.elf.dir/include/MPU6050/inv_mpu.c.obj
 .text.accel_self_test
                0x080058e0       0xa8 CMakeFiles/MySmartcar.elf.dir/include/MPU6050/inv_mpu.c.obj
 .text.gyro_self_test
                0x08005988      0x100 CMakeFiles/MySmartcar.elf.dir/include/MPU6050/inv_mpu.c.obj
 .text.set_int_enable
                0x08005a88       0x98 CMakeFiles/MySmartcar.elf.dir/include/MPU6050/inv_mpu.c.obj
 .text.get_st_biases
                0x08005b20      0x428 CMakeFiles/MySmartcar.elf.dir/include/MPU6050/inv_mpu.c.obj
 .text.mpu_reset_fifo
                0x08005f48      0x1f8 CMakeFiles/MySmartcar.elf.dir/include/MPU6050/inv_mpu.c.obj
                0x08005f48                mpu_reset_fifo
 .text.mpu_get_gyro_fsr
                0x08006140       0x3c CMakeFiles/MySmartcar.elf.dir/include/MPU6050/inv_mpu.c.obj
                0x08006140                mpu_get_gyro_fsr
 .text.mpu_set_gyro_fsr
                0x0800617c       0x98 CMakeFiles/MySmartcar.elf.dir/include/MPU6050/inv_mpu.c.obj
                0x0800617c                mpu_set_gyro_fsr
 .text.mpu_get_accel_fsr
                0x08006214       0x44 CMakeFiles/MySmartcar.elf.dir/include/MPU6050/inv_mpu.c.obj
                0x08006214                mpu_get_accel_fsr
 .text.mpu_set_accel_fsr
                0x08006258       0x94 CMakeFiles/MySmartcar.elf.dir/include/MPU6050/inv_mpu.c.obj
                0x08006258                mpu_set_accel_fsr
 .text.mpu_get_lpf
                0x080062ec       0x44 CMakeFiles/MySmartcar.elf.dir/include/MPU6050/inv_mpu.c.obj
                0x080062ec                mpu_get_lpf
 .text.mpu_set_lpf
                0x08006330       0x94 CMakeFiles/MySmartcar.elf.dir/include/MPU6050/inv_mpu.c.obj
                0x08006330                mpu_set_lpf
 .text.mpu_get_sample_rate
                0x080063c4       0x1c CMakeFiles/MySmartcar.elf.dir/include/MPU6050/inv_mpu.c.obj
                0x080063c4                mpu_get_sample_rate
 .text.mpu_get_gyro_sens
                0x080063e0       0x4c CMakeFiles/MySmartcar.elf.dir/include/MPU6050/inv_mpu.c.obj
                0x080063e0                mpu_get_gyro_sens
 .text.mpu_get_accel_sens
                0x0800642c       0x4c CMakeFiles/MySmartcar.elf.dir/include/MPU6050/inv_mpu.c.obj
                0x0800642c                mpu_get_accel_sens
 .text.mpu_get_fifo_config
                0x08006478       0x10 CMakeFiles/MySmartcar.elf.dir/include/MPU6050/inv_mpu.c.obj
                0x08006478                mpu_get_fifo_config
 .text.mpu_configure_fifo
                0x08006488       0x64 CMakeFiles/MySmartcar.elf.dir/include/MPU6050/inv_mpu.c.obj
                0x08006488                mpu_configure_fifo
 .text.mpu_read_fifo_stream
                0x080064ec       0xc0 CMakeFiles/MySmartcar.elf.dir/include/MPU6050/inv_mpu.c.obj
                0x080064ec                mpu_read_fifo_stream
 .text.mpu_set_bypass
                0x080065ac      0x168 CMakeFiles/MySmartcar.elf.dir/include/MPU6050/inv_mpu.c.obj
                0x080065ac                mpu_set_bypass
 .text.mpu_set_int_latched
                0x08006714       0x74 CMakeFiles/MySmartcar.elf.dir/include/MPU6050/inv_mpu.c.obj
                0x08006714                mpu_set_int_latched
 .text.mpu_lp_accel_mode
                0x08006788       0xdc CMakeFiles/MySmartcar.elf.dir/include/MPU6050/inv_mpu.c.obj
                0x08006788                mpu_lp_accel_mode
 .text.mpu_set_sample_rate
                0x08006864       0xa0 CMakeFiles/MySmartcar.elf.dir/include/MPU6050/inv_mpu.c.obj
                0x08006864                mpu_set_sample_rate
 .text.mpu_set_sensors
                0x08006904       0xe4 CMakeFiles/MySmartcar.elf.dir/include/MPU6050/inv_mpu.c.obj
                0x08006904                mpu_set_sensors
 .text.mpu_init
                0x080069e8      0x1b8 CMakeFiles/MySmartcar.elf.dir/include/MPU6050/inv_mpu.c.obj
                0x080069e8                mpu_init
 .text.mpu_write_mem
                0x08006ba0       0x74 CMakeFiles/MySmartcar.elf.dir/include/MPU6050/inv_mpu.c.obj
                0x08006ba0                mpu_write_mem
 .text.mpu_read_mem
                0x08006c14       0x74 CMakeFiles/MySmartcar.elf.dir/include/MPU6050/inv_mpu.c.obj
                0x08006c14                mpu_read_mem
 .text.mpu_load_firmware
                0x08006c88       0xb4 CMakeFiles/MySmartcar.elf.dir/include/MPU6050/inv_mpu.c.obj
                0x08006c88                mpu_load_firmware
 .text.mpu_set_dmp_state
                0x08006d3c       0x94 CMakeFiles/MySmartcar.elf.dir/include/MPU6050/inv_mpu.c.obj
                0x08006d3c                mpu_set_dmp_state
 .text.mpu_run_self_test
                0x08006dd0      0x104 CMakeFiles/MySmartcar.elf.dir/include/MPU6050/inv_mpu.c.obj
                0x08006dd0                mpu_run_self_test
 .text.run_self_test
                0x08006ed4       0x88 CMakeFiles/MySmartcar.elf.dir/include/MPU6050/inv_mpu.c.obj
                0x08006ed4                run_self_test
 .text.inv_row_2_scale
                0x08006f5c       0x3a CMakeFiles/MySmartcar.elf.dir/include/MPU6050/inv_mpu.c.obj
                0x08006f5c                inv_row_2_scale
 .text.inv_orientation_matrix_to_scalar
                0x08006f96       0x24 CMakeFiles/MySmartcar.elf.dir/include/MPU6050/inv_mpu.c.obj
                0x08006f96                inv_orientation_matrix_to_scalar
 .text.mget_ms  0x08006fba        0x2 CMakeFiles/MySmartcar.elf.dir/include/MPU6050/inv_mpu.c.obj
                0x08006fba                mget_ms
 .text.mpu_dmp_init
                0x08006fbc       0xa0 CMakeFiles/MySmartcar.elf.dir/include/MPU6050/inv_mpu.c.obj
                0x08006fbc                mpu_dmp_init
 *fill*         0x0800705c        0x4 
 .text.mpu_dmp_get_data
                0x08007060      0x1c8 CMakeFiles/MySmartcar.elf.dir/include/MPU6050/inv_mpu.c.obj
                0x08007060                mpu_dmp_get_data
 .text.decode_gesture
                0x08007228       0x3c CMakeFiles/MySmartcar.elf.dir/include/MPU6050/inv_mpu_dmp_motion_driver.c.obj
 .text.dmp_load_motion_driver_firmware
                0x08007264       0x18 CMakeFiles/MySmartcar.elf.dir/include/MPU6050/inv_mpu_dmp_motion_driver.c.obj
                0x08007264                dmp_load_motion_driver_firmware
 .text.dmp_set_orientation
                0x0800727c      0x14c CMakeFiles/MySmartcar.elf.dir/include/MPU6050/inv_mpu_dmp_motion_driver.c.obj
                0x0800727c                dmp_set_orientation
 .text.dmp_set_gyro_bias
                0x080073c8      0x110 CMakeFiles/MySmartcar.elf.dir/include/MPU6050/inv_mpu_dmp_motion_driver.c.obj
                0x080073c8                dmp_set_gyro_bias
 .text.dmp_set_accel_bias
                0x080074d8       0xf4 CMakeFiles/MySmartcar.elf.dir/include/MPU6050/inv_mpu_dmp_motion_driver.c.obj
                0x080074d8                dmp_set_accel_bias
 .text.dmp_set_fifo_rate
                0x080075cc       0x68 CMakeFiles/MySmartcar.elf.dir/include/MPU6050/inv_mpu_dmp_motion_driver.c.obj
                0x080075cc                dmp_set_fifo_rate
 .text.dmp_set_tap_thresh
                0x08007634      0x1a0 CMakeFiles/MySmartcar.elf.dir/include/MPU6050/inv_mpu_dmp_motion_driver.c.obj
                0x08007634                dmp_set_tap_thresh
 .text.dmp_set_tap_axes
                0x080077d4       0x4e CMakeFiles/MySmartcar.elf.dir/include/MPU6050/inv_mpu_dmp_motion_driver.c.obj
                0x080077d4                dmp_set_tap_axes
 .text.dmp_set_tap_count
                0x08007822       0x2c CMakeFiles/MySmartcar.elf.dir/include/MPU6050/inv_mpu_dmp_motion_driver.c.obj
                0x08007822                dmp_set_tap_count
 *fill*         0x0800784e        0x2 
 .text.dmp_set_tap_time
                0x08007850       0x30 CMakeFiles/MySmartcar.elf.dir/include/MPU6050/inv_mpu_dmp_motion_driver.c.obj
                0x08007850                dmp_set_tap_time
 .text.dmp_set_tap_time_multi
                0x08007880       0x30 CMakeFiles/MySmartcar.elf.dir/include/MPU6050/inv_mpu_dmp_motion_driver.c.obj
                0x08007880                dmp_set_tap_time_multi
 .text.dmp_set_shake_reject_thresh
                0x080078b0       0x44 CMakeFiles/MySmartcar.elf.dir/include/MPU6050/inv_mpu_dmp_motion_driver.c.obj
                0x080078b0                dmp_set_shake_reject_thresh
 .text.dmp_set_shake_reject_time
                0x080078f4       0x2c CMakeFiles/MySmartcar.elf.dir/include/MPU6050/inv_mpu_dmp_motion_driver.c.obj
                0x080078f4                dmp_set_shake_reject_time
 .text.dmp_set_shake_reject_timeout
                0x08007920       0x2c CMakeFiles/MySmartcar.elf.dir/include/MPU6050/inv_mpu_dmp_motion_driver.c.obj
                0x08007920                dmp_set_shake_reject_timeout
 .text.dmp_enable_gyro_cal
                0x0800794c       0x44 CMakeFiles/MySmartcar.elf.dir/include/MPU6050/inv_mpu_dmp_motion_driver.c.obj
                0x0800794c                dmp_enable_gyro_cal
 .text.dmp_enable_lp_quat
                0x08007990       0x3c CMakeFiles/MySmartcar.elf.dir/include/MPU6050/inv_mpu_dmp_motion_driver.c.obj
                0x08007990                dmp_enable_lp_quat
 .text.dmp_enable_6x_lp_quat
                0x080079cc       0x3c CMakeFiles/MySmartcar.elf.dir/include/MPU6050/inv_mpu_dmp_motion_driver.c.obj
                0x080079cc                dmp_enable_6x_lp_quat
 .text.dmp_enable_feature
                0x08007a08      0x218 CMakeFiles/MySmartcar.elf.dir/include/MPU6050/inv_mpu_dmp_motion_driver.c.obj
                0x08007a08                dmp_enable_feature
 .text.dmp_read_fifo
                0x08007c20      0x1f4 CMakeFiles/MySmartcar.elf.dir/include/MPU6050/inv_mpu_dmp_motion_driver.c.obj
                0x08007c20                dmp_read_fifo
 .text.MPU_Write_Len
                0x08007e14       0x24 CMakeFiles/MySmartcar.elf.dir/include/MPU6050/mpu6050.c.obj
                0x08007e14                MPU_Write_Len
 .text.MPU_Read_Len
                0x08007e38       0x24 CMakeFiles/MySmartcar.elf.dir/include/MPU6050/mpu6050.c.obj
                0x08007e38                MPU_Read_Len
 .text.car_motor_init
                0x08007e5c       0x50 CMakeFiles/MySmartcar.elf.dir/include/motor/car_control.c.obj
                0x08007e5c                car_motor_init
 .text.pwm_control
                0x08007eac       0x16 CMakeFiles/MySmartcar.elf.dir/include/motor/car_control.c.obj
                0x08007eac                pwm_control
 *fill*         0x08007ec2        0x2 
 .text.car_speed_control
                0x08007ec4      0x1a4 CMakeFiles/MySmartcar.elf.dir/include/motor/car_control.c.obj
                0x08007ec4                car_speed_control
 .text.carcontrol
                0x08008068       0x28 CMakeFiles/MySmartcar.elf.dir/include/motor/car_control.c.obj
                0x08008068                carcontrol
 .text.initControlCommands
                0x08008090       0x38 CMakeFiles/MySmartcar.elf.dir/include/motor/car_control.c.obj
                0x08008090                initControlCommands
 .text.getControlIndex
                0x080080c8       0xbc CMakeFiles/MySmartcar.elf.dir/include/motor/car_control.c.obj
                0x080080c8                getControlIndex
 .text.executeControlCommand
                0x08008184       0x9c CMakeFiles/MySmartcar.elf.dir/include/motor/car_control.c.obj
                0x08008184                executeControlCommand
 .text.Xbox_SmartCarSpeedControl
                0x08008220       0x24 CMakeFiles/MySmartcar.elf.dir/include/motor/car_control.c.obj
                0x08008220                Xbox_SmartCarSpeedControl
 .text.Xbox_XboxConnectMySmartCar
                0x08008244       0xe0 CMakeFiles/MySmartcar.elf.dir/include/motor/car_control.c.obj
                0x08008244                Xbox_XboxConnectMySmartCar
 .text.Read_Encoder_1
                0x08008324       0x10 CMakeFiles/MySmartcar.elf.dir/include/motor/encoder.c.obj
                0x08008324                Read_Encoder_1
 .text.Read_Encoder_2
                0x08008334       0x10 CMakeFiles/MySmartcar.elf.dir/include/motor/encoder.c.obj
                0x08008334                Read_Encoder_2
 .text.Read_Encoder_3
                0x08008344       0x10 CMakeFiles/MySmartcar.elf.dir/include/motor/encoder.c.obj
                0x08008344                Read_Encoder_3
 .text.Read_Encoder_4
                0x08008354       0x10 CMakeFiles/MySmartcar.elf.dir/include/motor/encoder.c.obj
                0x08008354                Read_Encoder_4
 .text.encoder_value_to_angle
                0x08008364       0x30 CMakeFiles/MySmartcar.elf.dir/include/motor/encoder.c.obj
                0x08008364                encoder_value_to_angle
 .text.encoder_real
                0x08008394       0x64 CMakeFiles/MySmartcar.elf.dir/include/motor/pid.c.obj
                0x08008394                encoder_real
 .text.pid_update
                0x080083f8       0x76 CMakeFiles/MySmartcar.elf.dir/include/motor/pid.c.obj
                0x080083f8                pid_update
 *fill*         0x0800846e        0x2 
 .text.Position_PID_control
                0x08008470       0xa4 CMakeFiles/MySmartcar.elf.dir/include/motor/pid.c.obj
                0x08008470                Position_PID_control
 .text.IIC_delay
                0x08008514       0x1a CMakeFiles/MySmartcar.elf.dir/include/oled/oled.c.obj
                0x08008514                IIC_delay
 *fill*         0x0800852e        0x2 
 .text.I2C_Start
                0x08008530       0x48 CMakeFiles/MySmartcar.elf.dir/include/oled/oled.c.obj
                0x08008530                I2C_Start
 .text.I2C_Stop
                0x08008578       0x34 CMakeFiles/MySmartcar.elf.dir/include/oled/oled.c.obj
                0x08008578                I2C_Stop
 .text.I2C_WaitAck
                0x080085ac       0x3c CMakeFiles/MySmartcar.elf.dir/include/oled/oled.c.obj
                0x080085ac                I2C_WaitAck
 .text.Send_Byte
                0x080085e8       0x54 CMakeFiles/MySmartcar.elf.dir/include/oled/oled.c.obj
                0x080085e8                Send_Byte
 .text.OLED_WR_Byte
                0x0800863c       0x38 CMakeFiles/MySmartcar.elf.dir/include/oled/oled.c.obj
                0x0800863c                OLED_WR_Byte
 .text.OLED_ColorTurn
                0x08008674       0x20 CMakeFiles/MySmartcar.elf.dir/include/oled/oled.c.obj
                0x08008674                OLED_ColorTurn
 .text.OLED_DisplayTurn
                0x08008694       0x30 CMakeFiles/MySmartcar.elf.dir/include/oled/oled.c.obj
                0x08008694                OLED_DisplayTurn
 .text.OLED_DisPlay_On
                0x080086c4       0x1c CMakeFiles/MySmartcar.elf.dir/include/oled/oled.c.obj
                0x080086c4                OLED_DisPlay_On
 .text.OLED_Refresh
                0x080086e0       0x6c CMakeFiles/MySmartcar.elf.dir/include/oled/oled.c.obj
                0x080086e0                OLED_Refresh
 .text.OLED_Clear
                0x0800874c       0x30 CMakeFiles/MySmartcar.elf.dir/include/oled/oled.c.obj
                0x0800874c                OLED_Clear
 .text.OLED_DrawPoint
                0x0800877c       0x48 CMakeFiles/MySmartcar.elf.dir/include/oled/oled.c.obj
                0x0800877c                OLED_DrawPoint
 .text.OLED_ShowChar
                0x080087c4      0x10c CMakeFiles/MySmartcar.elf.dir/include/oled/oled.c.obj
                0x080087c4                OLED_ShowChar
 .text.OLED_ShowString
                0x080088d0       0x46 CMakeFiles/MySmartcar.elf.dir/include/oled/oled.c.obj
                0x080088d0                OLED_ShowString
 .text.OLED_Pow
                0x08008916       0x16 CMakeFiles/MySmartcar.elf.dir/include/oled/oled.c.obj
                0x08008916                OLED_Pow
 .text.OLED_ShowNum
                0x0800892c       0x98 CMakeFiles/MySmartcar.elf.dir/include/oled/oled.c.obj
                0x0800892c                OLED_ShowNum
 .text.OLED_Init
                0x080089c4       0xe0 CMakeFiles/MySmartcar.elf.dir/include/oled/oled.c.obj
                0x080089c4                OLED_Init
 .text.smartcar_oled_canshu
                0x08008aa4       0x80 CMakeFiles/MySmartcar.elf.dir/include/oled/oled.c.obj
                0x08008aa4                smartcar_oled_canshu
 .text.atoi     0x08008b24        0x8 d:/gcc-arm-none-eabi-10.3-2021.10/bin/../lib/gcc/arm-none-eabi/10.3.1/../../../../arm-none-eabi/lib/thumb/v7-m/nofp\libg.a(lib_a-atoi.o)
                0x08008b24                atoi
 .text.__errno  0x08008b2c        0xc d:/gcc-arm-none-eabi-10.3-2021.10/bin/../lib/gcc/arm-none-eabi/10.3.1/../../../../arm-none-eabi/lib/thumb/v7-m/nofp\libg.a(lib_a-errno.o)
                0x08008b2c                __errno
 .text.__libc_init_array
                0x08008b38       0x48 d:/gcc-arm-none-eabi-10.3-2021.10/bin/../lib/gcc/arm-none-eabi/10.3.1/../../../../arm-none-eabi/lib/thumb/v7-m/nofp\libg.a(lib_a-init.o)
                0x08008b38                __libc_init_array
 .text.memcmp   0x08008b80       0x68 d:/gcc-arm-none-eabi-10.3-2021.10/bin/../lib/gcc/arm-none-eabi/10.3.1/../../../../arm-none-eabi/lib/thumb/v7-m/nofp\libg.a(lib_a-memcmp.o)
                0x08008b80                memcmp
 .text.memset   0x08008be8       0xa4 d:/gcc-arm-none-eabi-10.3-2021.10/bin/../lib/gcc/arm-none-eabi/10.3.1/../../../../arm-none-eabi/lib/thumb/v7-m/nofp\libg.a(lib_a-memset.o)
                0x08008be8                memset
 .text.printf   0x08008c8c       0x28 d:/gcc-arm-none-eabi-10.3-2021.10/bin/../lib/gcc/arm-none-eabi/10.3.1/../../../../arm-none-eabi/lib/thumb/v7-m/nofp\libg.a(lib_a-printf.o)
                0x08008c8c                printf
 .text._puts_r  0x08008cb4       0x9c d:/gcc-arm-none-eabi-10.3-2021.10/bin/../lib/gcc/arm-none-eabi/10.3.1/../../../../arm-none-eabi/lib/thumb/v7-m/nofp\libg.a(lib_a-puts.o)
                0x08008cb4                _puts_r
 .text.puts     0x08008d50       0x10 d:/gcc-arm-none-eabi-10.3-2021.10/bin/../lib/gcc/arm-none-eabi/10.3.1/../../../../arm-none-eabi/lib/thumb/v7-m/nofp\libg.a(lib_a-puts.o)
                0x08008d50                puts
 .text.sprintf  0x08008d60       0x44 d:/gcc-arm-none-eabi-10.3-2021.10/bin/../lib/gcc/arm-none-eabi/10.3.1/../../../../arm-none-eabi/lib/thumb/v7-m/nofp\libg.a(lib_a-sprintf.o)
                0x08008d60                sprintf
 .text.strchr   0x08008da4       0xcc d:/gcc-arm-none-eabi-10.3-2021.10/bin/../lib/gcc/arm-none-eabi/10.3.1/../../../../arm-none-eabi/lib/thumb/v7-m/nofp\libg.a(lib_a-strchr.o)
                0x08008da4                strchr
 .text.strcspn  0x08008e70       0x3c d:/gcc-arm-none-eabi-10.3-2021.10/bin/../lib/gcc/arm-none-eabi/10.3.1/../../../../arm-none-eabi/lib/thumb/v7-m/nofp\libg.a(lib_a-strcspn.o)
                0x08008e70                strcspn
 .text.strlen   0x08008eac       0x5c d:/gcc-arm-none-eabi-10.3-2021.10/bin/../lib/gcc/arm-none-eabi/10.3.1/../../../../arm-none-eabi/lib/thumb/v7-m/nofp\libg.a(lib_a-strlen-stub.o)
                0x08008eac                strlen
 .text.strncat  0x08008f08       0x5c d:/gcc-arm-none-eabi-10.3-2021.10/bin/../lib/gcc/arm-none-eabi/10.3.1/../../../../arm-none-eabi/lib/thumb/v7-m/nofp\libg.a(lib_a-strncat.o)
                0x08008f08                strncat
 .text.strncmp  0x08008f64       0x7c d:/gcc-arm-none-eabi-10.3-2021.10/bin/../lib/gcc/arm-none-eabi/10.3.1/../../../../arm-none-eabi/lib/thumb/v7-m/nofp\libg.a(lib_a-strncmp.o)
                0x08008f64                strncmp
 .text.strtok   0x08008fe0       0x10 d:/gcc-arm-none-eabi-10.3-2021.10/bin/../lib/gcc/arm-none-eabi/10.3.1/../../../../arm-none-eabi/lib/thumb/v7-m/nofp\libg.a(lib_a-strtok.o)
                0x08008fe0                strtok
 .text.__strtok_r
                0x08008ff0       0x68 d:/gcc-arm-none-eabi-10.3-2021.10/bin/../lib/gcc/arm-none-eabi/10.3.1/../../../../arm-none-eabi/lib/thumb/v7-m/nofp\libg.a(lib_a-strtok_r.o)
                0x08008ff0                __strtok_r
 .text._strtol_l.part.0
                0x08009058      0x120 d:/gcc-arm-none-eabi-10.3-2021.10/bin/../lib/gcc/arm-none-eabi/10.3.1/../../../../arm-none-eabi/lib/thumb/v7-m/nofp\libg.a(lib_a-strtol.o)
 .text.strtol   0x08009178       0x2c d:/gcc-arm-none-eabi-10.3-2021.10/bin/../lib/gcc/arm-none-eabi/10.3.1/../../../../arm-none-eabi/lib/thumb/v7-m/nofp\libg.a(lib_a-strtol.o)
                0x08009178                strtol
 .text._svfprintf_r
                0x080091a4     0x1aa4 d:/gcc-arm-none-eabi-10.3-2021.10/bin/../lib/gcc/arm-none-eabi/10.3.1/../../../../arm-none-eabi/lib/thumb/v7-m/nofp\libg.a(lib_a-svfprintf.o)
                0x080091a4                _svfprintf_r
 .text._vfprintf_r
                0x0800ac48     0x1b58 d:/gcc-arm-none-eabi-10.3-2021.10/bin/../lib/gcc/arm-none-eabi/10.3.1/../../../../arm-none-eabi/lib/thumb/v7-m/nofp\libg.a(lib_a-vfprintf.o)
                0x0800ac48                _vfprintf_r
 .text.__sbprintf
                0x0800c7a0       0x84 d:/gcc-arm-none-eabi-10.3-2021.10/bin/../lib/gcc/arm-none-eabi/10.3.1/../../../../arm-none-eabi/lib/thumb/v7-m/nofp\libg.a(lib_a-vfprintf.o)
 .text.__swsetup_r
                0x0800c824       0xd4 d:/gcc-arm-none-eabi-10.3-2021.10/bin/../lib/gcc/arm-none-eabi/10.3.1/../../../../arm-none-eabi/lib/thumb/v7-m/nofp\libg.a(lib_a-wsetup.o)
                0x0800c824                __swsetup_r
 .text.startup.register_fini
                0x0800c8f8       0x14 d:/gcc-arm-none-eabi-10.3-2021.10/bin/../lib/gcc/arm-none-eabi/10.3.1/../../../../arm-none-eabi/lib/thumb/v7-m/nofp\libg.a(lib_a-__call_atexit.o)
 .text.atexit   0x0800c90c        0xc d:/gcc-arm-none-eabi-10.3-2021.10/bin/../lib/gcc/arm-none-eabi/10.3.1/../../../../arm-none-eabi/lib/thumb/v7-m/nofp\libg.a(lib_a-atexit.o)
                0x0800c90c                atexit
 .text.quorem   0x0800c918      0x12c d:/gcc-arm-none-eabi-10.3-2021.10/bin/../lib/gcc/arm-none-eabi/10.3.1/../../../../arm-none-eabi/lib/thumb/v7-m/nofp\libg.a(lib_a-dtoa.o)
 *fill*         0x0800ca44        0x4 
 .text._dtoa_r  0x0800ca48      0xecc d:/gcc-arm-none-eabi-10.3-2021.10/bin/../lib/gcc/arm-none-eabi/10.3.1/../../../../arm-none-eabi/lib/thumb/v7-m/nofp\libg.a(lib_a-dtoa.o)
                0x0800ca48                _dtoa_r
 .text.__sflush_r
                0x0800d914      0x124 d:/gcc-arm-none-eabi-10.3-2021.10/bin/../lib/gcc/arm-none-eabi/10.3.1/../../../../arm-none-eabi/lib/thumb/v7-m/nofp\libg.a(lib_a-fflush.o)
                0x0800d914                __sflush_r
 .text._fflush_r
                0x0800da38       0x5c d:/gcc-arm-none-eabi-10.3-2021.10/bin/../lib/gcc/arm-none-eabi/10.3.1/../../../../arm-none-eabi/lib/thumb/v7-m/nofp\libg.a(lib_a-fflush.o)
                0x0800da38                _fflush_r
 .text._cleanup_r
                0x0800da94        0xc d:/gcc-arm-none-eabi-10.3-2021.10/bin/../lib/gcc/arm-none-eabi/10.3.1/../../../../arm-none-eabi/lib/thumb/v7-m/nofp\libg.a(lib_a-findfp.o)
                0x0800da94                _cleanup_r
 .text.__sinit  0x0800daa0      0x10c d:/gcc-arm-none-eabi-10.3-2021.10/bin/../lib/gcc/arm-none-eabi/10.3.1/../../../../arm-none-eabi/lib/thumb/v7-m/nofp\libg.a(lib_a-findfp.o)
                0x0800daa0                __sinit
 .text.__sfp_lock_acquire
                0x0800dbac        0xc d:/gcc-arm-none-eabi-10.3-2021.10/bin/../lib/gcc/arm-none-eabi/10.3.1/../../../../arm-none-eabi/lib/thumb/v7-m/nofp\libg.a(lib_a-findfp.o)
                0x0800dbac                __sfp_lock_acquire
 .text.__sfp_lock_release
                0x0800dbb8        0xc d:/gcc-arm-none-eabi-10.3-2021.10/bin/../lib/gcc/arm-none-eabi/10.3.1/../../../../arm-none-eabi/lib/thumb/v7-m/nofp\libg.a(lib_a-findfp.o)
                0x0800dbb8                __sfp_lock_release
 .text.__libc_fini_array
                0x0800dbc4       0x2c d:/gcc-arm-none-eabi-10.3-2021.10/bin/../lib/gcc/arm-none-eabi/10.3.1/../../../../arm-none-eabi/lib/thumb/v7-m/nofp\libg.a(lib_a-fini.o)
                0x0800dbc4                __libc_fini_array
 .text._malloc_trim_r
                0x0800dbf0       0xa0 d:/gcc-arm-none-eabi-10.3-2021.10/bin/../lib/gcc/arm-none-eabi/10.3.1/../../../../arm-none-eabi/lib/thumb/v7-m/nofp\libg.a(lib_a-freer.o)
                0x0800dbf0                _malloc_trim_r
 .text._free_r  0x0800dc90      0x200 d:/gcc-arm-none-eabi-10.3-2021.10/bin/../lib/gcc/arm-none-eabi/10.3.1/../../../../arm-none-eabi/lib/thumb/v7-m/nofp\libg.a(lib_a-freer.o)
                0x0800dc90                _free_r
 .text.__sfvwrite_r
                0x0800de90      0x2f0 d:/gcc-arm-none-eabi-10.3-2021.10/bin/../lib/gcc/arm-none-eabi/10.3.1/../../../../arm-none-eabi/lib/thumb/v7-m/nofp\libg.a(lib_a-fvwrite.o)
                0x0800de90                __sfvwrite_r
 .text._fwalk_reent
                0x0800e180       0x48 d:/gcc-arm-none-eabi-10.3-2021.10/bin/../lib/gcc/arm-none-eabi/10.3.1/../../../../arm-none-eabi/lib/thumb/v7-m/nofp\libg.a(lib_a-fwalk.o)
                0x0800e180                _fwalk_reent
 .text._localeconv_r
                0x0800e1c8        0x8 d:/gcc-arm-none-eabi-10.3-2021.10/bin/../lib/gcc/arm-none-eabi/10.3.1/../../../../arm-none-eabi/lib/thumb/v7-m/nofp\libg.a(lib_a-localeconv.o)
                0x0800e1c8                _localeconv_r
 .text.__retarget_lock_init_recursive
                0x0800e1d0        0x4 d:/gcc-arm-none-eabi-10.3-2021.10/bin/../lib/gcc/arm-none-eabi/10.3.1/../../../../arm-none-eabi/lib/thumb/v7-m/nofp\libg.a(lib_a-lock.o)
                0x0800e1d0                __retarget_lock_init_recursive
 .text.__retarget_lock_close_recursive
                0x0800e1d4        0x4 d:/gcc-arm-none-eabi-10.3-2021.10/bin/../lib/gcc/arm-none-eabi/10.3.1/../../../../arm-none-eabi/lib/thumb/v7-m/nofp\libg.a(lib_a-lock.o)
                0x0800e1d4                __retarget_lock_close_recursive
 .text.__retarget_lock_acquire_recursive
                0x0800e1d8        0x4 d:/gcc-arm-none-eabi-10.3-2021.10/bin/../lib/gcc/arm-none-eabi/10.3.1/../../../../arm-none-eabi/lib/thumb/v7-m/nofp\libg.a(lib_a-lock.o)
                0x0800e1d8                __retarget_lock_acquire_recursive
 .text.__retarget_lock_release_recursive
                0x0800e1dc        0x4 d:/gcc-arm-none-eabi-10.3-2021.10/bin/../lib/gcc/arm-none-eabi/10.3.1/../../../../arm-none-eabi/lib/thumb/v7-m/nofp\libg.a(lib_a-lock.o)
                0x0800e1dc                __retarget_lock_release_recursive
 .text.__smakebuf_r
                0x0800e1e0       0xe0 d:/gcc-arm-none-eabi-10.3-2021.10/bin/../lib/gcc/arm-none-eabi/10.3.1/../../../../arm-none-eabi/lib/thumb/v7-m/nofp\libg.a(lib_a-makebuf.o)
                0x0800e1e0                __smakebuf_r
 .text._malloc_r
                0x0800e2c0      0x558 d:/gcc-arm-none-eabi-10.3-2021.10/bin/../lib/gcc/arm-none-eabi/10.3.1/../../../../arm-none-eabi/lib/thumb/v7-m/nofp\libg.a(lib_a-mallocr.o)
                0x0800e2c0                _malloc_r
 .text.memchr   0x0800e818       0x90 d:/gcc-arm-none-eabi-10.3-2021.10/bin/../lib/gcc/arm-none-eabi/10.3.1/../../../../arm-none-eabi/lib/thumb/v7-m/nofp\libg.a(lib_a-memchr-stub.o)
                0x0800e818                memchr
 .text.memmove  0x0800e8a8       0xf8 d:/gcc-arm-none-eabi-10.3-2021.10/bin/../lib/gcc/arm-none-eabi/10.3.1/../../../../arm-none-eabi/lib/thumb/v7-m/nofp\libg.a(lib_a-memmove.o)
                0x0800e8a8                memmove
 .text.__malloc_lock
                0x0800e9a0        0xc d:/gcc-arm-none-eabi-10.3-2021.10/bin/../lib/gcc/arm-none-eabi/10.3.1/../../../../arm-none-eabi/lib/thumb/v7-m/nofp\libg.a(lib_a-mlock.o)
                0x0800e9a0                __malloc_lock
 .text.__malloc_unlock
                0x0800e9ac        0xc d:/gcc-arm-none-eabi-10.3-2021.10/bin/../lib/gcc/arm-none-eabi/10.3.1/../../../../arm-none-eabi/lib/thumb/v7-m/nofp\libg.a(lib_a-mlock.o)
                0x0800e9ac                __malloc_unlock
 .text._Balloc  0x0800e9b8       0x4c d:/gcc-arm-none-eabi-10.3-2021.10/bin/../lib/gcc/arm-none-eabi/10.3.1/../../../../arm-none-eabi/lib/thumb/v7-m/nofp\libg.a(lib_a-mprec.o)
                0x0800e9b8                _Balloc
 .text._Bfree   0x0800ea04       0x14 d:/gcc-arm-none-eabi-10.3-2021.10/bin/../lib/gcc/arm-none-eabi/10.3.1/../../../../arm-none-eabi/lib/thumb/v7-m/nofp\libg.a(lib_a-mprec.o)
                0x0800ea04                _Bfree
 .text.__multadd
                0x0800ea18       0xa4 d:/gcc-arm-none-eabi-10.3-2021.10/bin/../lib/gcc/arm-none-eabi/10.3.1/../../../../arm-none-eabi/lib/thumb/v7-m/nofp\libg.a(lib_a-mprec.o)
                0x0800ea18                __multadd
 .text.__hi0bits
                0x0800eabc       0x40 d:/gcc-arm-none-eabi-10.3-2021.10/bin/../lib/gcc/arm-none-eabi/10.3.1/../../../../arm-none-eabi/lib/thumb/v7-m/nofp\libg.a(lib_a-mprec.o)
                0x0800eabc                __hi0bits
 .text.__lo0bits
                0x0800eafc       0x58 d:/gcc-arm-none-eabi-10.3-2021.10/bin/../lib/gcc/arm-none-eabi/10.3.1/../../../../arm-none-eabi/lib/thumb/v7-m/nofp\libg.a(lib_a-mprec.o)
                0x0800eafc                __lo0bits
 .text.__i2b    0x0800eb54       0x5c d:/gcc-arm-none-eabi-10.3-2021.10/bin/../lib/gcc/arm-none-eabi/10.3.1/../../../../arm-none-eabi/lib/thumb/v7-m/nofp\libg.a(lib_a-mprec.o)
                0x0800eb54                __i2b
 .text.__multiply
                0x0800ebb0      0x15c d:/gcc-arm-none-eabi-10.3-2021.10/bin/../lib/gcc/arm-none-eabi/10.3.1/../../../../arm-none-eabi/lib/thumb/v7-m/nofp\libg.a(lib_a-mprec.o)
                0x0800ebb0                __multiply
 .text.__pow5mult
                0x0800ed0c       0xb8 d:/gcc-arm-none-eabi-10.3-2021.10/bin/../lib/gcc/arm-none-eabi/10.3.1/../../../../arm-none-eabi/lib/thumb/v7-m/nofp\libg.a(lib_a-mprec.o)
                0x0800ed0c                __pow5mult
 .text.__lshift
                0x0800edc4       0xec d:/gcc-arm-none-eabi-10.3-2021.10/bin/../lib/gcc/arm-none-eabi/10.3.1/../../../../arm-none-eabi/lib/thumb/v7-m/nofp\libg.a(lib_a-mprec.o)
                0x0800edc4                __lshift
 .text.__mcmp   0x0800eeb0       0x40 d:/gcc-arm-none-eabi-10.3-2021.10/bin/../lib/gcc/arm-none-eabi/10.3.1/../../../../arm-none-eabi/lib/thumb/v7-m/nofp\libg.a(lib_a-mprec.o)
                0x0800eeb0                __mcmp
 .text.__mdiff  0x0800eef0      0x14c d:/gcc-arm-none-eabi-10.3-2021.10/bin/../lib/gcc/arm-none-eabi/10.3.1/../../../../arm-none-eabi/lib/thumb/v7-m/nofp\libg.a(lib_a-mprec.o)
                0x0800eef0                __mdiff
 .text.__d2b    0x0800f03c       0xc4 d:/gcc-arm-none-eabi-10.3-2021.10/bin/../lib/gcc/arm-none-eabi/10.3.1/../../../../arm-none-eabi/lib/thumb/v7-m/nofp\libg.a(lib_a-mprec.o)
                0x0800f03c                __d2b
 .text._realloc_r
                0x0800f100      0x3dc d:/gcc-arm-none-eabi-10.3-2021.10/bin/../lib/gcc/arm-none-eabi/10.3.1/../../../../arm-none-eabi/lib/thumb/v7-m/nofp\libg.a(lib_a-reallocr.o)
                0x0800f100                _realloc_r
 .text.frexp    0x0800f4dc       0x70 d:/gcc-arm-none-eabi-10.3-2021.10/bin/../lib/gcc/arm-none-eabi/10.3.1/../../../../arm-none-eabi/lib/thumb/v7-m/nofp\libg.a(lib_a-s_frexp.o)
                0x0800f4dc                frexp
 .text._sbrk_r  0x0800f54c       0x24 d:/gcc-arm-none-eabi-10.3-2021.10/bin/../lib/gcc/arm-none-eabi/10.3.1/../../../../arm-none-eabi/lib/thumb/v7-m/nofp\libg.a(lib_a-sbrkr.o)
                0x0800f54c                _sbrk_r
 .text.__sread  0x0800f570       0x24 d:/gcc-arm-none-eabi-10.3-2021.10/bin/../lib/gcc/arm-none-eabi/10.3.1/../../../../arm-none-eabi/lib/thumb/v7-m/nofp\libg.a(lib_a-stdio.o)
                0x0800f570                __sread
 .text.__swrite
                0x0800f594       0x40 d:/gcc-arm-none-eabi-10.3-2021.10/bin/../lib/gcc/arm-none-eabi/10.3.1/../../../../arm-none-eabi/lib/thumb/v7-m/nofp\libg.a(lib_a-stdio.o)
                0x0800f594                __swrite
 .text.__sseek  0x0800f5d4       0x20 d:/gcc-arm-none-eabi-10.3-2021.10/bin/../lib/gcc/arm-none-eabi/10.3.1/../../../../arm-none-eabi/lib/thumb/v7-m/nofp\libg.a(lib_a-stdio.o)
                0x0800f5d4                __sseek
 .text.__sclose
                0x0800f5f4        0x8 d:/gcc-arm-none-eabi-10.3-2021.10/bin/../lib/gcc/arm-none-eabi/10.3.1/../../../../arm-none-eabi/lib/thumb/v7-m/nofp\libg.a(lib_a-stdio.o)
                0x0800f5f4                __sclose
 .text.strncpy  0x0800f5fc       0x68 d:/gcc-arm-none-eabi-10.3-2021.10/bin/../lib/gcc/arm-none-eabi/10.3.1/../../../../arm-none-eabi/lib/thumb/v7-m/nofp\libg.a(lib_a-strncpy.o)
                0x0800f5fc                strncpy
 .text.__ssprint_r
                0x0800f664       0xfc d:/gcc-arm-none-eabi-10.3-2021.10/bin/../lib/gcc/arm-none-eabi/10.3.1/../../../../arm-none-eabi/lib/thumb/v7-m/nofp\libg.a(lib_a-svfiprintf.o)
                0x0800f664                __ssprint_r
 .text.__sprint_r.part.0
                0x0800f760       0x78 d:/gcc-arm-none-eabi-10.3-2021.10/bin/../lib/gcc/arm-none-eabi/10.3.1/../../../../arm-none-eabi/lib/thumb/v7-m/nofp\libg.a(lib_a-vfiprintf.o)
 .text.__sprint_r
                0x0800f7d8       0x14 d:/gcc-arm-none-eabi-10.3-2021.10/bin/../lib/gcc/arm-none-eabi/10.3.1/../../../../arm-none-eabi/lib/thumb/v7-m/nofp\libg.a(lib_a-vfiprintf.o)
                0x0800f7d8                __sprint_r
 .text._vfiprintf_r
                0x0800f7ec      0xd98 d:/gcc-arm-none-eabi-10.3-2021.10/bin/../lib/gcc/arm-none-eabi/10.3.1/../../../../arm-none-eabi/lib/thumb/v7-m/nofp\libg.a(lib_a-vfiprintf.o)
                0x0800f7ec                _vfiprintf_r
 .text.__sbprintf
                0x08010584       0x84 d:/gcc-arm-none-eabi-10.3-2021.10/bin/../lib/gcc/arm-none-eabi/10.3.1/../../../../arm-none-eabi/lib/thumb/v7-m/nofp\libg.a(lib_a-vfiprintf.o)
 .text._write_r
                0x08010608       0x2c d:/gcc-arm-none-eabi-10.3-2021.10/bin/../lib/gcc/arm-none-eabi/10.3.1/../../../../arm-none-eabi/lib/thumb/v7-m/nofp\libg.a(lib_a-writer.o)
                0x08010608                _write_r
 .text.__register_exitproc
                0x08010634       0x8c d:/gcc-arm-none-eabi-10.3-2021.10/bin/../lib/gcc/arm-none-eabi/10.3.1/../../../../arm-none-eabi/lib/thumb/v7-m/nofp\libg.a(lib_a-__atexit.o)
                0x08010634                __register_exitproc
 .text.__assert_func
                0x080106c0       0x40 d:/gcc-arm-none-eabi-10.3-2021.10/bin/../lib/gcc/arm-none-eabi/10.3.1/../../../../arm-none-eabi/lib/thumb/v7-m/nofp\libg.a(lib_a-assert.o)
                0x080106c0                __assert_func
 .text._calloc_r
                0x08010700       0x78 d:/gcc-arm-none-eabi-10.3-2021.10/bin/../lib/gcc/arm-none-eabi/10.3.1/../../../../arm-none-eabi/lib/thumb/v7-m/nofp\libg.a(lib_a-callocr.o)
                0x08010700                _calloc_r
 .text._close_r
                0x08010778       0x24 d:/gcc-arm-none-eabi-10.3-2021.10/bin/../lib/gcc/arm-none-eabi/10.3.1/../../../../arm-none-eabi/lib/thumb/v7-m/nofp\libg.a(lib_a-closer.o)
                0x08010778                _close_r
 .text._fclose_r
                0x0801079c       0xcc d:/gcc-arm-none-eabi-10.3-2021.10/bin/../lib/gcc/arm-none-eabi/10.3.1/../../../../arm-none-eabi/lib/thumb/v7-m/nofp\libg.a(lib_a-fclose.o)
                0x0801079c                _fclose_r
 .text.fiprintf
                0x08010868       0x28 d:/gcc-arm-none-eabi-10.3-2021.10/bin/../lib/gcc/arm-none-eabi/10.3.1/../../../../arm-none-eabi/lib/thumb/v7-m/nofp\libg.a(lib_a-fiprintf.o)
                0x08010868                fiprintf
 .text.__fputwc
                0x08010890       0xa0 d:/gcc-arm-none-eabi-10.3-2021.10/bin/../lib/gcc/arm-none-eabi/10.3.1/../../../../arm-none-eabi/lib/thumb/v7-m/nofp\libg.a(lib_a-fputwc.o)
                0x08010890                __fputwc
 .text._fputwc_r
                0x08010930       0x68 d:/gcc-arm-none-eabi-10.3-2021.10/bin/../lib/gcc/arm-none-eabi/10.3.1/../../../../arm-none-eabi/lib/thumb/v7-m/nofp\libg.a(lib_a-fputwc.o)
                0x08010930                _fputwc_r
 .text._fstat_r
                0x08010998       0x28 d:/gcc-arm-none-eabi-10.3-2021.10/bin/../lib/gcc/arm-none-eabi/10.3.1/../../../../arm-none-eabi/lib/thumb/v7-m/nofp\libg.a(lib_a-fstatr.o)
                0x08010998                _fstat_r
 .text._isatty_r
                0x080109c0       0x24 d:/gcc-arm-none-eabi-10.3-2021.10/bin/../lib/gcc/arm-none-eabi/10.3.1/../../../../arm-none-eabi/lib/thumb/v7-m/nofp\libg.a(lib_a-isattyr.o)
                0x080109c0                _isatty_r
 .text.__locale_mb_cur_max
                0x080109e4        0xc d:/gcc-arm-none-eabi-10.3-2021.10/bin/../lib/gcc/arm-none-eabi/10.3.1/../../../../arm-none-eabi/lib/thumb/v7-m/nofp\libg.a(lib_a-locale.o)
                0x080109e4                __locale_mb_cur_max
 .text._lseek_r
                0x080109f0       0x2c d:/gcc-arm-none-eabi-10.3-2021.10/bin/../lib/gcc/arm-none-eabi/10.3.1/../../../../arm-none-eabi/lib/thumb/v7-m/nofp\libg.a(lib_a-lseekr.o)
                0x080109f0                _lseek_r
 .text.__ascii_mbtowc
                0x08010a1c       0x2c d:/gcc-arm-none-eabi-10.3-2021.10/bin/../lib/gcc/arm-none-eabi/10.3.1/../../../../arm-none-eabi/lib/thumb/v7-m/nofp\libg.a(lib_a-mbtowc_r.o)
                0x08010a1c                __ascii_mbtowc
 .text._read_r  0x08010a48       0x2c d:/gcc-arm-none-eabi-10.3-2021.10/bin/../lib/gcc/arm-none-eabi/10.3.1/../../../../arm-none-eabi/lib/thumb/v7-m/nofp\libg.a(lib_a-readr.o)
                0x08010a48                _read_r
 .text.__swbuf_r
                0x08010a74       0xb0 d:/gcc-arm-none-eabi-10.3-2021.10/bin/../lib/gcc/arm-none-eabi/10.3.1/../../../../arm-none-eabi/lib/thumb/v7-m/nofp\libg.a(lib_a-wbuf.o)
                0x08010a74                __swbuf_r
 .text._wcrtomb_r
                0x08010b24       0x3c d:/gcc-arm-none-eabi-10.3-2021.10/bin/../lib/gcc/arm-none-eabi/10.3.1/../../../../arm-none-eabi/lib/thumb/v7-m/nofp\libg.a(lib_a-wcrtomb.o)
                0x08010b24                _wcrtomb_r
 .text.__ascii_wctomb
                0x08010b60       0x1c d:/gcc-arm-none-eabi-10.3-2021.10/bin/../lib/gcc/arm-none-eabi/10.3.1/../../../../arm-none-eabi/lib/thumb/v7-m/nofp\libg.a(lib_a-wctomb_r.o)
                0x08010b60                __ascii_wctomb
 .text.abort    0x08010b7c       0x10 d:/gcc-arm-none-eabi-10.3-2021.10/bin/../lib/gcc/arm-none-eabi/10.3.1/../../../../arm-none-eabi/lib/thumb/v7-m/nofp\libg.a(lib_a-abort.o)
                0x08010b7c                abort
 .text.raise    0x08010b8c       0x5c d:/gcc-arm-none-eabi-10.3-2021.10/bin/../lib/gcc/arm-none-eabi/10.3.1/../../../../arm-none-eabi/lib/thumb/v7-m/nofp\libg.a(lib_a-signal.o)
                0x08010b8c                raise
 .text._kill_r  0x08010be8       0x28 d:/gcc-arm-none-eabi-10.3-2021.10/bin/../lib/gcc/arm-none-eabi/10.3.1/../../../../arm-none-eabi/lib/thumb/v7-m/nofp\libg.a(lib_a-signalr.o)
                0x08010be8                _kill_r
 .text._getpid_r
                0x08010c10        0x4 d:/gcc-arm-none-eabi-10.3-2021.10/bin/../lib/gcc/arm-none-eabi/10.3.1/../../../../arm-none-eabi/lib/thumb/v7-m/nofp\libg.a(lib_a-signalr.o)
                0x08010c10                _getpid_r
 *fill*         0x08010c14        0x4 
 .text.atan     0x08010c18      0x31c d:/gcc-arm-none-eabi-10.3-2021.10/bin/../lib/gcc/arm-none-eabi/10.3.1/../../../../arm-none-eabi/lib/thumb/v7-m/nofp\libm.a(lib_a-s_atan.o)
                0x08010c18                atan
 .text.fabs     0x08010f34        0x8 d:/gcc-arm-none-eabi-10.3-2021.10/bin/../lib/gcc/arm-none-eabi/10.3.1/../../../../arm-none-eabi/lib/thumb/v7-m/nofp\libm.a(lib_a-s_fabs.o)
                0x08010f34                fabs
 .text.asin     0x08010f3c       0x50 d:/gcc-arm-none-eabi-10.3-2021.10/bin/../lib/gcc/arm-none-eabi/10.3.1/../../../../arm-none-eabi/lib/thumb/v7-m/nofp\libm.a(lib_a-w_asin.o)
                0x08010f3c                asin
 .text.atan2    0x08010f8c        0x4 d:/gcc-arm-none-eabi-10.3-2021.10/bin/../lib/gcc/arm-none-eabi/10.3.1/../../../../arm-none-eabi/lib/thumb/v7-m/nofp\libm.a(lib_a-w_atan2.o)
                0x08010f8c                atan2
 .text.__ieee754_asin
                0x08010f90      0x474 d:/gcc-arm-none-eabi-10.3-2021.10/bin/../lib/gcc/arm-none-eabi/10.3.1/../../../../arm-none-eabi/lib/thumb/v7-m/nofp\libm.a(lib_a-e_asin.o)
                0x08010f90                __ieee754_asin
 *fill*         0x08011404        0x4 
 .text.__ieee754_atan2
                0x08011408      0x194 d:/gcc-arm-none-eabi-10.3-2021.10/bin/../lib/gcc/arm-none-eabi/10.3.1/../../../../arm-none-eabi/lib/thumb/v7-m/nofp\libm.a(lib_a-e_atan2.o)
                0x08011408                __ieee754_atan2
 .text.__ieee754_sqrt
                0x0801159c      0x18c d:/gcc-arm-none-eabi-10.3-2021.10/bin/../lib/gcc/arm-none-eabi/10.3.1/../../../../arm-none-eabi/lib/thumb/v7-m/nofp\libm.a(lib_a-e_sqrt.o)
                0x0801159c                __ieee754_sqrt
 .text.nan      0x08011728        0xc d:/gcc-arm-none-eabi-10.3-2021.10/bin/../lib/gcc/arm-none-eabi/10.3.1/../../../../arm-none-eabi/lib/thumb/v7-m/nofp\libm.a(lib_a-s_nan.o)
                0x08011728                nan
 *(.glue_7)
 .glue_7        0x08011734        0x0 linker stubs
 *(.glue_7t)
 .glue_7t       0x08011734        0x0 linker stubs
 *(.eh_frame)
 .eh_frame      0x08011734        0x0 d:/gcc-arm-none-eabi-10.3-2021.10/bin/../lib/gcc/arm-none-eabi/10.3.1/thumb/v7-m/nofp/crtbegin.o
 *(.init)
 .init          0x08011734        0x4 d:/gcc-arm-none-eabi-10.3-2021.10/bin/../lib/gcc/arm-none-eabi/10.3.1/thumb/v7-m/nofp/crti.o
                0x08011734                _init
 .init          0x08011738        0x8 d:/gcc-arm-none-eabi-10.3-2021.10/bin/../lib/gcc/arm-none-eabi/10.3.1/thumb/v7-m/nofp/crtn.o
 *(.fini)
 .fini          0x08011740        0x4 d:/gcc-arm-none-eabi-10.3-2021.10/bin/../lib/gcc/arm-none-eabi/10.3.1/thumb/v7-m/nofp/crti.o
                0x08011740                _fini
 .fini          0x08011744        0x8 d:/gcc-arm-none-eabi-10.3-2021.10/bin/../lib/gcc/arm-none-eabi/10.3.1/thumb/v7-m/nofp/crtn.o
                0x0801174c                . = ALIGN (0x4)
                0x0801174c                _etext = .

.vfp11_veneer   0x0801174c        0x0
 .vfp11_veneer  0x0801174c        0x0 linker stubs

.v4_bx          0x0801174c        0x0
 .v4_bx         0x0801174c        0x0 linker stubs

.iplt           0x0801174c        0x0
 .iplt          0x0801174c        0x0 d:/gcc-arm-none-eabi-10.3-2021.10/bin/../lib/gcc/arm-none-eabi/10.3.1/thumb/v7-m/nofp/crtbegin.o

.rodata         0x08011750     0x2c90
                0x08011750                . = ALIGN (0x4)
 *(.rodata)
 .rodata        0x08011750       0x90 CMakeFiles/MySmartcar.elf.dir/include/motor/car_control.c.obj
 *(.rodata*)
 .rodata.HAL_TIM_PeriodElapsedCallback.str1.4
                0x080117e0        0x5 CMakeFiles/MySmartcar.elf.dir/Core/Src/main.c.obj
 *fill*         0x080117e5        0x3 
 .rodata.HAL_UART_RxCpltCallback.str1.4
                0x080117e8        0xa CMakeFiles/MySmartcar.elf.dir/Core/Src/main.c.obj
                                  0xe (size before relaxing)
 *fill*         0x080117f2        0x2 
 .rodata.main.str1.4
                0x080117f4       0x28 CMakeFiles/MySmartcar.elf.dir/Core/Src/main.c.obj
 .rodata.AHBPrescTable
                0x0801181c       0x10 CMakeFiles/MySmartcar.elf.dir/Core/Src/system_stm32f1xx.c.obj
                0x0801181c                AHBPrescTable
 .rodata.APBPrescTable
                0x0801182c        0x8 CMakeFiles/MySmartcar.elf.dir/Core/Src/system_stm32f1xx.c.obj
                0x0801182c                APBPrescTable
 .rodata.aPLLMULFactorTable.1
                0x08011834       0x10 CMakeFiles/MySmartcar.elf.dir/Drivers/STM32F1xx_HAL_Driver/Src/stm32f1xx_hal_rcc.c.obj
 .rodata.aPredivFactorTable.0
                0x08011844        0x2 CMakeFiles/MySmartcar.elf.dir/Drivers/STM32F1xx_HAL_Driver/Src/stm32f1xx_hal_rcc.c.obj
 *fill*         0x08011846        0x2 
 .rodata.mpu_init.str1.4
                0x08011848       0x91 CMakeFiles/MySmartcar.elf.dir/include/MPU6050/inv_mpu.c.obj
 *fill*         0x080118d9        0x3 
 .rodata.hw     0x080118dc        0xc CMakeFiles/MySmartcar.elf.dir/include/MPU6050/inv_mpu.c.obj
                0x080118dc                hw
 .rodata.reg    0x080118e8       0x1b CMakeFiles/MySmartcar.elf.dir/include/MPU6050/inv_mpu.c.obj
                0x080118e8                reg
 *fill*         0x08011903        0x1 
 .rodata.test   0x08011904       0x28 CMakeFiles/MySmartcar.elf.dir/include/MPU6050/inv_mpu.c.obj
                0x08011904                test
 .rodata.dmp_set_orientation.str1.4
                0x0801192c       0x10 CMakeFiles/MySmartcar.elf.dir/include/MPU6050/inv_mpu_dmp_motion_driver.c.obj
 .rodata.dmp_set_fifo_rate.str1.4
                0x0801193c        0xd CMakeFiles/MySmartcar.elf.dir/include/MPU6050/inv_mpu_dmp_motion_driver.c.obj
 *fill*         0x08011949        0x3 
 .rodata.dmp_enable_gyro_cal.str1.4
                0x0801194c       0x16 CMakeFiles/MySmartcar.elf.dir/include/MPU6050/inv_mpu_dmp_motion_driver.c.obj
 *fill*         0x08011962        0x2 
 .rodata.dmp_memory
                0x08011964      0xbf6 CMakeFiles/MySmartcar.elf.dir/include/MPU6050/inv_mpu_dmp_motion_driver.c.obj
 *fill*         0x0801255a        0x2 
 .rodata.smartcar_oled_canshu.str1.4
                0x0801255c        0x9 CMakeFiles/MySmartcar.elf.dir/include/oled/oled.c.obj
 *fill*         0x08012565        0x3 
 .rodata.asc2_0806
                0x08012568      0x228 CMakeFiles/MySmartcar.elf.dir/include/oled/oled.c.obj
                0x08012568                asc2_0806
 .rodata.asc2_1206
                0x08012790      0x474 CMakeFiles/MySmartcar.elf.dir/include/oled/oled.c.obj
                0x08012790                asc2_1206
 .rodata.asc2_1608
                0x08012c04      0x5f0 CMakeFiles/MySmartcar.elf.dir/include/oled/oled.c.obj
                0x08012c04                asc2_1608
 .rodata.asc2_2412
                0x080131f4      0xd5c CMakeFiles/MySmartcar.elf.dir/include/oled/oled.c.obj
                0x080131f4                asc2_2412
 .rodata._global_impure_ptr
                0x08013f50        0x4 d:/gcc-arm-none-eabi-10.3-2021.10/bin/../lib/gcc/arm-none-eabi/10.3.1/../../../../arm-none-eabi/lib/thumb/v7-m/nofp\libg.a(lib_a-impure.o)
                0x08013f50                _global_impure_ptr
 .rodata._puts_r.str1.4
                0x08013f54        0x2 d:/gcc-arm-none-eabi-10.3-2021.10/bin/../lib/gcc/arm-none-eabi/10.3.1/../../../../arm-none-eabi/lib/thumb/v7-m/nofp\libg.a(lib_a-puts.o)
 .rodata._svfprintf_r.str1.4
                0x08013f54       0x42 d:/gcc-arm-none-eabi-10.3-2021.10/bin/../lib/gcc/arm-none-eabi/10.3.1/../../../../arm-none-eabi/lib/thumb/v7-m/nofp\libg.a(lib_a-svfprintf.o)
 *fill*         0x08013f96        0x2 
 .rodata.blanks.1
                0x08013f98       0x10 d:/gcc-arm-none-eabi-10.3-2021.10/bin/../lib/gcc/arm-none-eabi/10.3.1/../../../../arm-none-eabi/lib/thumb/v7-m/nofp\libg.a(lib_a-svfprintf.o)
 .rodata.zeroes.0
                0x08013fa8       0x10 d:/gcc-arm-none-eabi-10.3-2021.10/bin/../lib/gcc/arm-none-eabi/10.3.1/../../../../arm-none-eabi/lib/thumb/v7-m/nofp\libg.a(lib_a-svfprintf.o)
 .rodata._vfprintf_r.str1.4
                0x08013fb8       0x42 d:/gcc-arm-none-eabi-10.3-2021.10/bin/../lib/gcc/arm-none-eabi/10.3.1/../../../../arm-none-eabi/lib/thumb/v7-m/nofp\libg.a(lib_a-vfprintf.o)
 .rodata.blanks.1
                0x08013fb8       0x10 d:/gcc-arm-none-eabi-10.3-2021.10/bin/../lib/gcc/arm-none-eabi/10.3.1/../../../../arm-none-eabi/lib/thumb/v7-m/nofp\libg.a(lib_a-vfprintf.o)
 .rodata.zeroes.0
                0x08013fc8       0x10 d:/gcc-arm-none-eabi-10.3-2021.10/bin/../lib/gcc/arm-none-eabi/10.3.1/../../../../arm-none-eabi/lib/thumb/v7-m/nofp\libg.a(lib_a-vfprintf.o)
 .rodata._ctype_
                0x08013fd8      0x101 d:/gcc-arm-none-eabi-10.3-2021.10/bin/../lib/gcc/arm-none-eabi/10.3.1/../../../../arm-none-eabi/lib/thumb/v7-m/nofp\libg.a(lib_a-ctype_.o)
                0x08013fd8                _ctype_
 *fill*         0x080140d9        0x3 
 .rodata._dtoa_r.str1.4
                0x080140dc       0xa2 d:/gcc-arm-none-eabi-10.3-2021.10/bin/../lib/gcc/arm-none-eabi/10.3.1/../../../../arm-none-eabi/lib/thumb/v7-m/nofp\libg.a(lib_a-dtoa.o)
                                 0xa6 (size before relaxing)
 *fill*         0x0801417e        0x2 
 .rodata.__multadd.str1.4
                0x08014180       0x7f d:/gcc-arm-none-eabi-10.3-2021.10/bin/../lib/gcc/arm-none-eabi/10.3.1/../../../../arm-none-eabi/lib/thumb/v7-m/nofp\libg.a(lib_a-mprec.o)
                                 0x93 (size before relaxing)
 *fill*         0x080141ff        0x1 
 .rodata.__mprec_bigtens
                0x08014200       0x28 d:/gcc-arm-none-eabi-10.3-2021.10/bin/../lib/gcc/arm-none-eabi/10.3.1/../../../../arm-none-eabi/lib/thumb/v7-m/nofp\libg.a(lib_a-mprec.o)
                0x08014200                __mprec_bigtens
 .rodata.__mprec_tens
                0x08014228       0xc8 d:/gcc-arm-none-eabi-10.3-2021.10/bin/../lib/gcc/arm-none-eabi/10.3.1/../../../../arm-none-eabi/lib/thumb/v7-m/nofp\libg.a(lib_a-mprec.o)
                0x08014228                __mprec_tens
 .rodata.p05.0  0x080142f0        0xc d:/gcc-arm-none-eabi-10.3-2021.10/bin/../lib/gcc/arm-none-eabi/10.3.1/../../../../arm-none-eabi/lib/thumb/v7-m/nofp\libg.a(lib_a-mprec.o)
 .rodata._vfiprintf_r.str1.4
                0x080142fc       0x2f d:/gcc-arm-none-eabi-10.3-2021.10/bin/../lib/gcc/arm-none-eabi/10.3.1/../../../../arm-none-eabi/lib/thumb/v7-m/nofp\libg.a(lib_a-vfiprintf.o)
 .rodata.blanks.1
                0x080142fc       0x10 d:/gcc-arm-none-eabi-10.3-2021.10/bin/../lib/gcc/arm-none-eabi/10.3.1/../../../../arm-none-eabi/lib/thumb/v7-m/nofp\libg.a(lib_a-vfiprintf.o)
 .rodata.zeroes.0
                0x0801430c       0x10 d:/gcc-arm-none-eabi-10.3-2021.10/bin/../lib/gcc/arm-none-eabi/10.3.1/../../../../arm-none-eabi/lib/thumb/v7-m/nofp\libg.a(lib_a-vfiprintf.o)
 .rodata.__assert_func.str1.4
                0x0801431c       0x3f d:/gcc-arm-none-eabi-10.3-2021.10/bin/../lib/gcc/arm-none-eabi/10.3.1/../../../../arm-none-eabi/lib/thumb/v7-m/nofp\libg.a(lib_a-assert.o)
                                 0x43 (size before relaxing)
 *fill*         0x0801435b        0x1 
 .rodata._setlocale_r.str1.4
                0x0801435c        0xa d:/gcc-arm-none-eabi-10.3-2021.10/bin/../lib/gcc/arm-none-eabi/10.3.1/../../../../arm-none-eabi/lib/thumb/v7-m/nofp\libg.a(lib_a-locale.o)
                                  0xd (size before relaxing)
 *fill*         0x08014366        0x2 
 .rodata.str1.4
                0x08014368        0x2 d:/gcc-arm-none-eabi-10.3-2021.10/bin/../lib/gcc/arm-none-eabi/10.3.1/../../../../arm-none-eabi/lib/thumb/v7-m/nofp\libg.a(lib_a-locale.o)
 *fill*         0x0801436a        0x6 
 .rodata.atanhi
                0x08014370       0x20 d:/gcc-arm-none-eabi-10.3-2021.10/bin/../lib/gcc/arm-none-eabi/10.3.1/../../../../arm-none-eabi/lib/thumb/v7-m/nofp\libm.a(lib_a-s_atan.o)
 .rodata.atanlo
                0x08014390       0x20 d:/gcc-arm-none-eabi-10.3-2021.10/bin/../lib/gcc/arm-none-eabi/10.3.1/../../../../arm-none-eabi/lib/thumb/v7-m/nofp\libm.a(lib_a-s_atan.o)
 .rodata.asin.str1.4
                0x080143b0        0x1 d:/gcc-arm-none-eabi-10.3-2021.10/bin/../lib/gcc/arm-none-eabi/10.3.1/../../../../arm-none-eabi/lib/thumb/v7-m/nofp\libm.a(lib_a-w_asin.o)
 .rodata.CSWTCH.8
                0x080143b0       0x18 d:/gcc-arm-none-eabi-10.3-2021.10/bin/../lib/gcc/arm-none-eabi/10.3.1/../../../../arm-none-eabi/lib/thumb/v7-m/nofp\libm.a(lib_a-e_atan2.o)
 .rodata.CSWTCH.9
                0x080143c8       0x18 d:/gcc-arm-none-eabi-10.3-2021.10/bin/../lib/gcc/arm-none-eabi/10.3.1/../../../../arm-none-eabi/lib/thumb/v7-m/nofp\libm.a(lib_a-e_atan2.o)
                0x080143e0                . = ALIGN (0x4)

.ARM.extab      0x080143e0        0x0
                0x080143e0                . = ALIGN (0x4)
 *(.ARM.extab* .gnu.linkonce.armextab.*)
                0x080143e0                . = ALIGN (0x4)

.ARM            0x080143e0        0x8
                0x080143e0                . = ALIGN (0x4)
                0x080143e0                __exidx_start = .
 *(.ARM.exidx*)
 .ARM.exidx     0x080143e0        0x8 d:/gcc-arm-none-eabi-10.3-2021.10/bin/../lib/gcc/arm-none-eabi/10.3.1/thumb/v7-m/nofp\libgcc.a(_udivmoddi4.o)
                0x080143e8                __exidx_end = .
                0x080143e8                . = ALIGN (0x4)

.rel.dyn        0x080143e8        0x0
 .rel.iplt      0x080143e8        0x0 d:/gcc-arm-none-eabi-10.3-2021.10/bin/../lib/gcc/arm-none-eabi/10.3.1/thumb/v7-m/nofp/crtbegin.o

.preinit_array  0x080143e8        0x0
                0x080143e8                . = ALIGN (0x4)
                0x080143e8                PROVIDE (__preinit_array_start = .)
 *(.preinit_array*)
                0x080143e8                PROVIDE (__preinit_array_end = .)
                0x080143e8                . = ALIGN (0x4)

.init_array     0x080143e8        0x8
                0x080143e8                . = ALIGN (0x4)
                0x080143e8                PROVIDE (__init_array_start = .)
 *(SORT_BY_NAME(.init_array.*))
 .init_array.00000
                0x080143e8        0x4 d:/gcc-arm-none-eabi-10.3-2021.10/bin/../lib/gcc/arm-none-eabi/10.3.1/../../../../arm-none-eabi/lib/thumb/v7-m/nofp\libg.a(lib_a-__call_atexit.o)
 *(.init_array*)
 .init_array    0x080143ec        0x4 d:/gcc-arm-none-eabi-10.3-2021.10/bin/../lib/gcc/arm-none-eabi/10.3.1/thumb/v7-m/nofp/crtbegin.o
                0x080143f0                PROVIDE (__init_array_end = .)
                0x080143f0                . = ALIGN (0x4)

.fini_array     0x080143f0        0x4
                0x080143f0                . = ALIGN (0x4)
                0x080143f0                PROVIDE (__fini_array_start = .)