Archive member included to satisfy reference by file (symbol)

d:/gcc-arm-none-eabi-10.3-2021.10/bin/../lib/gcc/arm-none-eabi/10.3.1/../../../../arm-none-eabi/lib/thumb/v7-m/nofp\libg.a(lib_a-errno.o)
                              CMakeFiles/MySmartcar.elf.dir/Core/Src/syscalls.c.obj (__errno)
d:/gcc-arm-none-eabi-10.3-2021.10/bin/../lib/gcc/arm-none-eabi/10.3.1/../../../../arm-none-eabi/lib/thumb/v7-m/nofp\libg.a(lib_a-exit.o)
                              d:/gcc-arm-none-eabi-10.3-2021.10/bin/../lib/gcc/arm-none-eabi/10.3.1/../../../../arm-none-eabi/lib/thumb/v7-m/nofp/crt0.o (exit)
d:/gcc-arm-none-eabi-10.3-2021.10/bin/../lib/gcc/arm-none-eabi/10.3.1/../../../../arm-none-eabi/lib/thumb/v7-m/nofp\libg.a(lib_a-impure.o)
                              d:/gcc-arm-none-eabi-10.3-2021.10/bin/../lib/gcc/arm-none-eabi/10.3.1/../../../../arm-none-eabi/lib/thumb/v7-m/nofp\libg.a(lib_a-exit.o) (_global_impure_ptr)
d:/gcc-arm-none-eabi-10.3-2021.10/bin/../lib/gcc/arm-none-eabi/10.3.1/../../../../arm-none-eabi/lib/thumb/v7-m/nofp\libg.a(lib_a-init.o)
                              d:/gcc-arm-none-eabi-10.3-2021.10/bin/../lib/gcc/arm-none-eabi/10.3.1/../../../../arm-none-eabi/lib/thumb/v7-m/nofp/crt0.o (__libc_init_array)
d:/gcc-arm-none-eabi-10.3-2021.10/bin/../lib/gcc/arm-none-eabi/10.3.1/../../../../arm-none-eabi/lib/thumb/v7-m/nofp\libg.a(lib_a-memset.o)
                              d:/gcc-arm-none-eabi-10.3-2021.10/bin/../lib/gcc/arm-none-eabi/10.3.1/../../../../arm-none-eabi/lib/thumb/v7-m/nofp/crt0.o (memset)
d:/gcc-arm-none-eabi-10.3-2021.10/bin/../lib/gcc/arm-none-eabi/10.3.1/../../../../arm-none-eabi/lib/thumb/v7-m/nofp\libg.a(lib_a-__call_atexit.o)
                              d:/gcc-arm-none-eabi-10.3-2021.10/bin/../lib/gcc/arm-none-eabi/10.3.1/../../../../arm-none-eabi/lib/thumb/v7-m/nofp\libg.a(lib_a-exit.o) (__call_exitprocs)
d:/gcc-arm-none-eabi-10.3-2021.10/bin/../lib/gcc/arm-none-eabi/10.3.1/../../../../arm-none-eabi/lib/thumb/v7-m/nofp\libg.a(lib_a-atexit.o)
                              d:/gcc-arm-none-eabi-10.3-2021.10/bin/../lib/gcc/arm-none-eabi/10.3.1/../../../../arm-none-eabi/lib/thumb/v7-m/nofp\libg.a(lib_a-__call_atexit.o) (atexit)
d:/gcc-arm-none-eabi-10.3-2021.10/bin/../lib/gcc/arm-none-eabi/10.3.1/../../../../arm-none-eabi/lib/thumb/v7-m/nofp\libg.a(lib_a-fini.o)
                              d:/gcc-arm-none-eabi-10.3-2021.10/bin/../lib/gcc/arm-none-eabi/10.3.1/../../../../arm-none-eabi/lib/thumb/v7-m/nofp\libg.a(lib_a-__call_atexit.o) (__libc_fini_array)
d:/gcc-arm-none-eabi-10.3-2021.10/bin/../lib/gcc/arm-none-eabi/10.3.1/../../../../arm-none-eabi/lib/thumb/v7-m/nofp\libg.a(lib_a-lock.o)
                              d:/gcc-arm-none-eabi-10.3-2021.10/bin/../lib/gcc/arm-none-eabi/10.3.1/../../../../arm-none-eabi/lib/thumb/v7-m/nofp\libg.a(lib_a-__call_atexit.o) (__retarget_lock_acquire_recursive)
d:/gcc-arm-none-eabi-10.3-2021.10/bin/../lib/gcc/arm-none-eabi/10.3.1/../../../../arm-none-eabi/lib/thumb/v7-m/nofp\libg.a(lib_a-__atexit.o)
                              d:/gcc-arm-none-eabi-10.3-2021.10/bin/../lib/gcc/arm-none-eabi/10.3.1/../../../../arm-none-eabi/lib/thumb/v7-m/nofp\libg.a(lib_a-atexit.o) (__register_exitproc)

Discarded input sections

 .text          0x00000000        0x0 d:/gcc-arm-none-eabi-10.3-2021.10/bin/../lib/gcc/arm-none-eabi/10.3.1/thumb/v7-m/nofp/crti.o
 .data          0x00000000        0x0 d:/gcc-arm-none-eabi-10.3-2021.10/bin/../lib/gcc/arm-none-eabi/10.3.1/thumb/v7-m/nofp/crti.o
 .bss           0x00000000        0x0 d:/gcc-arm-none-eabi-10.3-2021.10/bin/../lib/gcc/arm-none-eabi/10.3.1/thumb/v7-m/nofp/crti.o
 .data          0x00000000        0x4 d:/gcc-arm-none-eabi-10.3-2021.10/bin/../lib/gcc/arm-none-eabi/10.3.1/thumb/v7-m/nofp/crtbegin.o
 .rodata        0x00000000       0x24 d:/gcc-arm-none-eabi-10.3-2021.10/bin/../lib/gcc/arm-none-eabi/10.3.1/thumb/v7-m/nofp/crtbegin.o
 .text          0x00000000       0x7c d:/gcc-arm-none-eabi-10.3-2021.10/bin/../lib/gcc/arm-none-eabi/10.3.1/../../../../arm-none-eabi/lib/thumb/v7-m/nofp/crt0.o
 .data          0x00000000        0x0 d:/gcc-arm-none-eabi-10.3-2021.10/bin/../lib/gcc/arm-none-eabi/10.3.1/../../../../arm-none-eabi/lib/thumb/v7-m/nofp/crt0.o
 .bss           0x00000000        0x0 d:/gcc-arm-none-eabi-10.3-2021.10/bin/../lib/gcc/arm-none-eabi/10.3.1/../../../../arm-none-eabi/lib/thumb/v7-m/nofp/crt0.o
 .ARM.extab     0x00000000        0x0 d:/gcc-arm-none-eabi-10.3-2021.10/bin/../lib/gcc/arm-none-eabi/10.3.1/../../../../arm-none-eabi/lib/thumb/v7-m/nofp/crt0.o
 .ARM.exidx     0x00000000       0x10 d:/gcc-arm-none-eabi-10.3-2021.10/bin/../lib/gcc/arm-none-eabi/10.3.1/../../../../arm-none-eabi/lib/thumb/v7-m/nofp/crt0.o
 .ARM.attributes
                0x00000000       0x1b d:/gcc-arm-none-eabi-10.3-2021.10/bin/../lib/gcc/arm-none-eabi/10.3.1/../../../../arm-none-eabi/lib/thumb/v7-m/nofp/crt0.o
 .text          0x00000000        0x0 CMakeFiles/MySmartcar.elf.dir/Core/Src/gpio.c.obj
[...]
Memory Configuration

Name             Origin             Length             Attributes
RAM              0x20000000         0x00010000         xrw
FLASH            0x08000000         0x00080000         xr
*default*        0x00000000         0xffffffff

Linker script and memory map

LOAD d:/gcc-arm-none-eabi-10.3-2021.10/bin/../lib/gcc/arm-none-eabi/10.3.1/thumb/v7-m/nofp/crti.o
LOAD d:/gcc-arm-none-eabi-10.3-2021.10/bin/../lib/gcc/arm-none-eabi/10.3.1/thumb/v7-m/nofp/crtbegin.o
LOAD d:/gcc-arm-none-eabi-10.3-2021.10/bin/../lib/gcc/arm-none-eabi/10.3.1/../../../../arm-none-eabi/lib/thumb/v7-m/nofp/crt0.o
LOAD CMakeFiles/MySmartcar.elf.dir/Core/Src/gpio.c.obj
LOAD CMakeFiles/MySmartcar.elf.dir/Core/Src/main.c.obj
LOAD CMakeFiles/MySmartcar.elf.dir/Core/Src/stm32f1xx_hal_msp.c.obj
LOAD CMakeFiles/MySmartcar.elf.dir/Core/Src/stm32f1xx_it.c.obj
LOAD CMakeFiles/MySmartcar.elf.dir/Core/Src/syscalls.c.obj
LOAD CMakeFiles/MySmartcar.elf.dir/Core/Src/sysmem.c.obj
LOAD CMakeFiles/MySmartcar.elf.dir/Core/Src/system_stm32f1xx.c.obj
LOAD CMakeFiles/MySmartcar.elf.dir/Core/Src/tim.c.obj
LOAD CMakeFiles/MySmartcar.elf.dir/Core/Startup/startup_stm32f103zetx.s.obj
LOAD CMakeFiles/MySmartcar.elf.dir/Drivers/STM32F1xx_HAL_Driver/Src/stm32f1xx_hal.c.obj
LOAD CMakeFiles/MySmartcar.elf.dir/Drivers/STM32F1xx_HAL_Driver/Src/stm32f1xx_hal_cortex.c.obj
LOAD CMakeFiles/MySmartcar.elf.dir/Drivers/STM32F1xx_HAL_Driver/Src/stm32f1xx_hal_dma.c.obj
LOAD CMakeFiles/MySmartcar.elf.dir/Drivers/STM32F1xx_HAL_Driver/Src/stm32f1xx_hal_exti.c.obj
LOAD CMakeFiles/MySmartcar.elf.dir/Drivers/STM32F1xx_HAL_Driver/Src/stm32f1xx_hal_flash.c.obj
LOAD CMakeFiles/MySmartcar.elf.dir/Drivers/STM32F1xx_HAL_Driver/Src/stm32f1xx_hal_flash_ex.c.obj
LOAD CMakeFiles/MySmartcar.elf.dir/Drivers/STM32F1xx_HAL_Driver/Src/stm32f1xx_hal_gpio.c.obj
LOAD CMakeFiles/MySmartcar.elf.dir/Drivers/STM32F1xx_HAL_Driver/Src/stm32f1xx_hal_gpio_ex.c.obj
LOAD CMakeFiles/MySmartcar.elf.dir/Drivers/STM32F1xx_HAL_Driver/Src/stm32f1xx_hal_pwr.c.obj
LOAD CMakeFiles/MySmartcar.elf.dir/Drivers/STM32F1xx_HAL_Driver/Src/stm32f1xx_hal_rcc.c.obj
LOAD CMakeFiles/MySmartcar.elf.dir/Drivers/STM32F1xx_HAL_Driver/Src/stm32f1xx_hal_rcc_ex.c.obj
LOAD CMakeFiles/MySmartcar.elf.dir/Drivers/STM32F1xx_HAL_Driver/Src/stm32f1xx_hal_tim.c.obj
LOAD CMakeFiles/MySmartcar.elf.dir/Drivers/STM32F1xx_HAL_Driver/Src/stm32f1xx_hal_tim_ex.c.obj
START GROUP
LOAD d:/gcc-arm-none-eabi-10.3-2021.10/bin/../lib/gcc/arm-none-eabi/10.3.1/thumb/v7-m/nofp\libgcc.a
LOAD d:/gcc-arm-none-eabi-10.3-2021.10/bin/../lib/gcc/arm-none-eabi/10.3.1/../../../../arm-none-eabi/lib/thumb/v7-m/nofp\libg.a
LOAD d:/gcc-arm-none-eabi-10.3-2021.10/bin/../lib/gcc/arm-none-eabi/10.3.1/../../../../arm-none-eabi/lib/thumb/v7-m/nofp\libc.a
END GROUP
LOAD d:/gcc-arm-none-eabi-10.3-2021.10/bin/../lib/gcc/arm-none-eabi/10.3.1/thumb/v7-m/nofp/crtend.o
LOAD d:/gcc-arm-none-eabi-10.3-2021.10/bin/../lib/gcc/arm-none-eabi/10.3.1/thumb/v7-m/nofp/crtn.o
                0x20010000                _estack = (ORIGIN (RAM) + LENGTH (RAM))
                0x00000200                _Min_Heap_Size = 0x200
                0x00000400                _Min_Stack_Size = 0x400

.isr_vector     0x08000000      0x1e4
                0x08000000                . = ALIGN (0x4)
 *(.isr_vector)
 .isr_vector    0x08000000      0x1e4 CMakeFiles/MySmartcar.elf.dir/Core/Startup/startup_stm32f103zetx.s.obj
                0x08000000                g_pfnVectors
                0x080001e4                . = ALIGN (0x4)

.text           0x080001e4     0x1670
                0x080001e4                . = ALIGN (0x4)
 *(.text)
 .text          0x080001e4       0x40 d:/gcc-arm-none-eabi-10.3-2021.10/bin/../lib/gcc/arm-none-eabi/10.3.1/thumb/v7-m/nofp/crtbegin.o
 *(.text*)
 .text.MX_GPIO_Init
                0x08000224       0x30 CMakeFiles/MySmartcar.elf.dir/Core/Src/gpio.c.obj
                0x08000224                MX_GPIO_Init
 .text.Error_Handler
                0x08000254        0x4 CMakeFiles/MySmartcar.elf.dir/Core/Src/main.c.obj
                0x08000254                Error_Handler
 .text.SystemClock_Config
                0x08000258       0x52 CMakeFiles/MySmartcar.elf.dir/Core/Src/main.c.obj
                0x08000258                SystemClock_Config
 .text.main     0x080002aa       0x14 CMakeFiles/MySmartcar.elf.dir/Core/Src/main.c.obj
                0x080002aa                main
 *fill*         0x080002be        0x2 
 .text.HAL_MspInit
                0x080002c0       0x44 CMakeFiles/MySmartcar.elf.dir/Core/Src/stm32f1xx_hal_msp.c.obj
                0x080002c0                HAL_MspInit
 .text.NMI_Handler
                0x08000304        0x2 CMakeFiles/MySmartcar.elf.dir/Core/Src/stm32f1xx_it.c.obj
                0x08000304                NMI_Handler
 .text.HardFault_Handler
                0x08000306        0x2 CMakeFiles/MySmartcar.elf.dir/Core/Src/stm32f1xx_it.c.obj
                0x08000306                HardFault_Handler
 .text.MemManage_Handler
                0x08000308        0x2 CMakeFiles/MySmartcar.elf.dir/Core/Src/stm32f1xx_it.c.obj
                0x08000308                MemManage_Handler
 .text.BusFault_Handler
                0x0800030a        0x2 CMakeFiles/MySmartcar.elf.dir/Core/Src/stm32f1xx_it.c.obj
                0x0800030a                BusFault_Handler
 .text.UsageFault_Handler
                0x0800030c        0x2 CMakeFiles/MySmartcar.elf.dir/Core/Src/stm32f1xx_it.c.obj
                0x0800030c                UsageFault_Handler
 .text.SVC_Handler
                0x0800030e        0x2 CMakeFiles/MySmartcar.elf.dir/Core/Src/stm32f1xx_it.c.obj
                0x0800030e                SVC_Handler
 .text.DebugMon_Handler
                0x08000310        0x2 CMakeFiles/MySmartcar.elf.dir/Core/Src/stm32f1xx_it.c.obj
                0x08000310                DebugMon_Handler
 .text.PendSV_Handler
                0x08000312        0x2 CMakeFiles/MySmartcar.elf.dir/Core/Src/stm32f1xx_it.c.obj
                0x08000312                PendSV_Handler
 .text.SysTick_Handler
                0x08000314        0x8 CMakeFiles/MySmartcar.elf.dir/Core/Src/stm32f1xx_it.c.obj
                0x08000314                SysTick_Handler
 .text.TIM1_BRK_IRQHandler
                0x0800031c       0x10 CMakeFiles/MySmartcar.elf.dir/Core/Src/stm32f1xx_it.c.obj
                0x0800031c                TIM1_BRK_IRQHandler
 .text.SystemInit
                0x0800032c        0x2 CMakeFiles/MySmartcar.elf.dir/Core/Src/system_stm32f1xx.c.obj
                0x0800032c                SystemInit
 *fill*         0x0800032e        0x2 
 .text.HAL_TIM_Base_MspInit
                0x08000330       0x40 CMakeFiles/MySmartcar.elf.dir/Core/Src/tim.c.obj
                0x08000330                HAL_TIM_Base_MspInit
 .text.HAL_TIM_MspPostInit
                0x08000370       0x64 CMakeFiles/MySmartcar.elf.dir/Core/Src/tim.c.obj
                0x08000370                HAL_TIM_MspPostInit
 .text.MX_TIM1_Init
                0x080003d4      0x120 CMakeFiles/MySmartcar.elf.dir/Core/Src/tim.c.obj
                0x080003d4                MX_TIM1_Init
 .text.Reset_Handler
                0x080004f4       0x48 CMakeFiles/MySmartcar.elf.dir/Core/Startup/startup_stm32f103zetx.s.obj
                0x080004f4                Reset_Handler
 .text.Default_Handler
                0x0800053c        0x2 CMakeFiles/MySmartcar.elf.dir/Core/Startup/startup_stm32f103zetx.s.obj
                0x0800053c                RTC_Alarm_IRQHandler
                0x0800053c                EXTI2_IRQHandler
                0x0800053c                TIM8_TRG_COM_IRQHandler
                0x0800053c                TIM8_CC_IRQHandler
                0x0800053c                TIM1_CC_IRQHandler
                0x0800053c                TIM6_IRQHandler
                0x0800053c                PVD_IRQHandler
                0x0800053c                SDIO_IRQHandler
                0x0800053c                EXTI3_IRQHandler
                0x0800053c                EXTI0_IRQHandler
                0x0800053c                I2C2_EV_IRQHandler
                0x0800053c                ADC1_2_IRQHandler
                0x0800053c                SPI1_IRQHandler
                0x0800053c                TAMPER_IRQHandler
                0x0800053c                TIM8_UP_IRQHandler
                0x0800053c                DMA2_Channel2_IRQHandler
                0x0800053c                DMA1_Channel4_IRQHandler
                0x0800053c                USART3_IRQHandler
                0x0800053c                RTC_IRQHandler
                0x0800053c                DMA1_Channel7_IRQHandler
                0x0800053c                CAN1_RX1_IRQHandler
                0x0800053c                UART5_IRQHandler
                0x0800053c                ADC3_IRQHandler
                0x0800053c                TIM4_IRQHandler
                0x0800053c                DMA2_Channel1_IRQHandler
                0x0800053c                I2C1_EV_IRQHandler
                0x0800053c                DMA1_Channel6_IRQHandler
                0x0800053c                UART4_IRQHandler
                0x0800053c                TIM3_IRQHandler
                0x0800053c                RCC_IRQHandler
                0x0800053c                TIM1_TRG_COM_IRQHandler
                0x0800053c                DMA1_Channel1_IRQHandler
                0x0800053c                Default_Handler
                0x0800053c                EXTI15_10_IRQHandler
                0x0800053c                TIM7_IRQHandler
                0x0800053c                TIM5_IRQHandler
                0x0800053c                EXTI9_5_IRQHandler
                0x0800053c                SPI2_IRQHandler
                0x0800053c                DMA1_Channel5_IRQHandler
                0x0800053c                EXTI4_IRQHandler
                0x0800053c                USB_LP_CAN1_RX0_IRQHandler
                0x0800053c                USB_HP_CAN1_TX_IRQHandler
                0x0800053c                DMA1_Channel3_IRQHandler
                0x0800053c                FSMC_IRQHandler
                0x0800053c                TIM1_UP_IRQHandler
                0x0800053c                WWDG_IRQHandler
                0x0800053c                TIM2_IRQHandler
                0x0800053c                EXTI1_IRQHandler
                0x0800053c                DMA2_Channel4_5_IRQHandler
                0x0800053c                USART2_IRQHandler
                0x0800053c                I2C2_ER_IRQHandler
                0x0800053c                DMA1_Channel2_IRQHandler
                0x0800053c                TIM8_BRK_IRQHandler
                0x0800053c                CAN1_SCE_IRQHandler
                0x0800053c                FLASH_IRQHandler
                0x0800053c                USART1_IRQHandler
                0x0800053c                SPI3_IRQHandler
                0x0800053c                I2C1_ER_IRQHandler
                0x0800053c                USBWakeUp_IRQHandler
                0x0800053c                DMA2_Channel3_IRQHandler
 *fill*         0x0800053e        0x2 
 .text.HAL_InitTick
                0x08000540       0x4c CMakeFiles/MySmartcar.elf.dir/Drivers/STM32F1xx_HAL_Driver/Src/stm32f1xx_hal.c.obj
                0x08000540                HAL_InitTick
 .text.HAL_Init
                0x0800058c       0x24 CMakeFiles/MySmartcar.elf.dir/Drivers/STM32F1xx_HAL_Driver/Src/stm32f1xx_hal.c.obj
                0x0800058c                HAL_Init
 .text.HAL_IncTick
                0x080005b0       0x18 CMakeFiles/MySmartcar.elf.dir/Drivers/STM32F1xx_HAL_Driver/Src/stm32f1xx_hal.c.obj
                0x080005b0                HAL_IncTick
 .text.HAL_GetTick
                0x080005c8        0xc CMakeFiles/MySmartcar.elf.dir/Drivers/STM32F1xx_HAL_Driver/Src/stm32f1xx_hal.c.obj
                0x080005c8                HAL_GetTick
 .text.HAL_NVIC_SetPriorityGrouping
                0x080005d4       0x24 CMakeFiles/MySmartcar.elf.dir/Drivers/STM32F1xx_HAL_Driver/Src/stm32f1xx_hal_cortex.c.obj
                0x080005d4                HAL_NVIC_SetPriorityGrouping
 .text.HAL_NVIC_SetPriority
                0x080005f8       0x70 CMakeFiles/MySmartcar.elf.dir/Drivers/STM32F1xx_HAL_Driver/Src/stm32f1xx_hal_cortex.c.obj
                0x080005f8                HAL_NVIC_SetPriority
 .text.HAL_NVIC_EnableIRQ
                0x08000668       0x1c CMakeFiles/MySmartcar.elf.dir/Drivers/STM32F1xx_HAL_Driver/Src/stm32f1xx_hal_cortex.c.obj
                0x08000668                HAL_NVIC_EnableIRQ
 .text.HAL_SYSTICK_Config
                0x08000684       0x28 CMakeFiles/MySmartcar.elf.dir/Drivers/STM32F1xx_HAL_Driver/Src/stm32f1xx_hal_cortex.c.obj
                0x08000684                HAL_SYSTICK_Config
 .text.HAL_GPIO_Init
                0x080006ac      0x240 CMakeFiles/MySmartcar.elf.dir/Drivers/STM32F1xx_HAL_Driver/Src/stm32f1xx_hal_gpio.c.obj
                0x080006ac                HAL_GPIO_Init
 .text.RCC_Delay
                0x080008ec       0x2c CMakeFiles/MySmartcar.elf.dir/Drivers/STM32F1xx_HAL_Driver/Src/stm32f1xx_hal_rcc.c.obj
 .text.HAL_RCC_OscConfig
                0x08000918      0x410 CMakeFiles/MySmartcar.elf.dir/Drivers/STM32F1xx_HAL_Driver/Src/stm32f1xx_hal_rcc.c.obj
                0x08000918                HAL_RCC_OscConfig
 .text.HAL_RCC_GetSysClockFreq
                0x08000d28       0x54 CMakeFiles/MySmartcar.elf.dir/Drivers/STM32F1xx_HAL_Driver/Src/stm32f1xx_hal_rcc.c.obj
                0x08000d28                HAL_RCC_GetSysClockFreq
 .text.HAL_RCC_ClockConfig
                0x08000d7c      0x16c CMakeFiles/MySmartcar.elf.dir/Drivers/STM32F1xx_HAL_Driver/Src/stm32f1xx_hal_rcc.c.obj
                0x08000d7c                HAL_RCC_ClockConfig
 .text.TIM_OC1_SetConfig
                0x08000ee8       0x68 CMakeFiles/MySmartcar.elf.dir/Drivers/STM32F1xx_HAL_Driver/Src/stm32f1xx_hal_tim.c.obj
 .text.TIM_OC3_SetConfig
                0x08000f50       0x70 CMakeFiles/MySmartcar.elf.dir/Drivers/STM32F1xx_HAL_Driver/Src/stm32f1xx_hal_tim.c.obj
 .text.TIM_OC4_SetConfig
                0x08000fc0       0x50 CMakeFiles/MySmartcar.elf.dir/Drivers/STM32F1xx_HAL_Driver/Src/stm32f1xx_hal_tim.c.obj
 .text.TIM_TI1_ConfigInputStage
                0x08001010       0x24 CMakeFiles/MySmartcar.elf.dir/Drivers/STM32F1xx_HAL_Driver/Src/stm32f1xx_hal_tim.c.obj
 .text.TIM_TI2_ConfigInputStage
                0x08001034       0x26 CMakeFiles/MySmartcar.elf.dir/Drivers/STM32F1xx_HAL_Driver/Src/stm32f1xx_hal_tim.c.obj
 .text.TIM_ITRx_SetConfig
                0x0800105a       0x10 CMakeFiles/MySmartcar.elf.dir/Drivers/STM32F1xx_HAL_Driver/Src/stm32f1xx_hal_tim.c.obj
 .text.HAL_TIM_PWM_MspInit
                0x0800106a        0x2 CMakeFiles/MySmartcar.elf.dir/Drivers/STM32F1xx_HAL_Driver/Src/stm32f1xx_hal_tim.c.obj
                0x0800106a                HAL_TIM_PWM_MspInit
 .text.HAL_TIM_PeriodElapsedCallback
                0x0800106c        0x2 CMakeFiles/MySmartcar.elf.dir/Drivers/STM32F1xx_HAL_Driver/Src/stm32f1xx_hal_tim.c.obj
                0x0800106c                HAL_TIM_PeriodElapsedCallback
 .text.HAL_TIM_OC_DelayElapsedCallback
                0x0800106e        0x2 CMakeFiles/MySmartcar.elf.dir/Drivers/STM32F1xx_HAL_Driver/Src/stm32f1xx_hal_tim.c.obj
                0x0800106e                HAL_TIM_OC_DelayElapsedCallback
 .text.HAL_TIM_IC_CaptureCallback
                0x08001070        0x2 CMakeFiles/MySmartcar.elf.dir/Drivers/STM32F1xx_HAL_Driver/Src/stm32f1xx_hal_tim.c.obj
                0x08001070                HAL_TIM_IC_CaptureCallback
 .text.HAL_TIM_PWM_PulseFinishedCallback
                0x08001072        0x2 CMakeFiles/MySmartcar.elf.dir/Drivers/STM32F1xx_HAL_Driver/Src/stm32f1xx_hal_tim.c.obj
                0x08001072                HAL_TIM_PWM_PulseFinishedCallback
 .text.HAL_TIM_TriggerCallback
                0x08001074        0x2 CMakeFiles/MySmartcar.elf.dir/Drivers/STM32F1xx_HAL_Driver/Src/stm32f1xx_hal_tim.c.obj
                0x08001074                HAL_TIM_TriggerCallback
 .text.HAL_TIM_IRQHandler
                0x08001076      0x17a CMakeFiles/MySmartcar.elf.dir/Drivers/STM32F1xx_HAL_Driver/Src/stm32f1xx_hal_tim.c.obj
                0x08001076                HAL_TIM_IRQHandler
 .text.TIM_Base_SetConfig
                0x080011f0       0x98 CMakeFiles/MySmartcar.elf.dir/Drivers/STM32F1xx_HAL_Driver/Src/stm32f1xx_hal_tim.c.obj
                0x080011f0                TIM_Base_SetConfig
 .text.HAL_TIM_Base_Init
                0x08001288       0x58 CMakeFiles/MySmartcar.elf.dir/Drivers/STM32F1xx_HAL_Driver/Src/stm32f1xx_hal_tim.c.obj
                0x08001288                HAL_TIM_Base_Init
 .text.HAL_TIM_PWM_Init
                0x080012e0       0x58 CMakeFiles/MySmartcar.elf.dir/Drivers/STM32F1xx_HAL_Driver/Src/stm32f1xx_hal_tim.c.obj
                0x080012e0                HAL_TIM_PWM_Init
 .text.TIM_OC2_SetConfig
                0x08001338       0x70 CMakeFiles/MySmartcar.elf.dir/Drivers/STM32F1xx_HAL_Driver/Src/stm32f1xx_hal_tim.c.obj
                0x08001338                TIM_OC2_SetConfig
 .text.HAL_TIM_PWM_ConfigChannel
                0x080013a8       0xdc CMakeFiles/MySmartcar.elf.dir/Drivers/STM32F1xx_HAL_Driver/Src/stm32f1xx_hal_tim.c.obj
                0x080013a8                HAL_TIM_PWM_ConfigChannel
 .text.TIM_ETR_SetConfig
                0x08001484       0x18 CMakeFiles/MySmartcar.elf.dir/Drivers/STM32F1xx_HAL_Driver/Src/stm32f1xx_hal_tim.c.obj
                0x08001484                TIM_ETR_SetConfig
 .text.HAL_TIM_ConfigClockSource
                0x0800149c       0xfe CMakeFiles/MySmartcar.elf.dir/Drivers/STM32F1xx_HAL_Driver/Src/stm32f1xx_hal_tim.c.obj
                0x0800149c                HAL_TIM_ConfigClockSource
 *fill*         0x0800159a        0x2 
 .text.HAL_TIMEx_MasterConfigSynchronization
                0x0800159c       0x7c CMakeFiles/MySmartcar.elf.dir/Drivers/STM32F1xx_HAL_Driver/Src/stm32f1xx_hal_tim_ex.c.obj
                0x0800159c                HAL_TIMEx_MasterConfigSynchronization
 .text.HAL_TIMEx_ConfigBreakDeadTime
                0x08001618       0x52 CMakeFiles/MySmartcar.elf.dir/Drivers/STM32F1xx_HAL_Driver/Src/stm32f1xx_hal_tim_ex.c.obj
                0x08001618                HAL_TIMEx_ConfigBreakDeadTime
 .text.HAL_TIMEx_CommutCallback
                0x0800166a        0x2 CMakeFiles/MySmartcar.elf.dir/Drivers/STM32F1xx_HAL_Driver/Src/stm32f1xx_hal_tim_ex.c.obj
                0x0800166a                HAL_TIMEx_CommutCallback
 .text.HAL_TIMEx_BreakCallback
                0x0800166c        0x2 CMakeFiles/MySmartcar.elf.dir/Drivers/STM32F1xx_HAL_Driver/Src/stm32f1xx_hal_tim_ex.c.obj
                0x0800166c                HAL_TIMEx_BreakCallback
 *fill*         0x0800166e        0x2 
 .text.__libc_init_array
                0x08001670       0x48 d:/gcc-arm-none-eabi-10.3-2021.10/bin/../lib/gcc/arm-none-eabi/10.3.1/../../../../arm-none-eabi/lib/thumb/v7-m/nofp\libg.a(lib_a-init.o)
                0x08001670                __libc_init_array
 .text.memset   0x080016b8       0xa4 d:/gcc-arm-none-eabi-10.3-2021.10/bin/../lib/gcc/arm-none-eabi/10.3.1/../../../../arm-none-eabi/lib/thumb/v7-m/nofp\libg.a(lib_a-memset.o)
                0x080016b8                memset
 .text.startup.register_fini
                0x0800175c       0x14 d:/gcc-arm-none-eabi-10.3-2021.10/bin/../lib/gcc/arm-none-eabi/10.3.1/../../../../arm-none-eabi/lib/thumb/v7-m/nofp\libg.a(lib_a-__call_atexit.o)
 .text.atexit   0x08001770        0xc d:/gcc-arm-none-eabi-10.3-2021.10/bin/../lib/gcc/arm-none-eabi/10.3.1/../../../../arm-none-eabi/lib/thumb/v7-m/nofp\libg.a(lib_a-atexit.o)
                0x08001770                atexit
 .text.__libc_fini_array
                0x0800177c       0x2c d:/gcc-arm-none-eabi-10.3-2021.10/bin/../lib/gcc/arm-none-eabi/10.3.1/../../../../arm-none-eabi/lib/thumb/v7-m/nofp\libg.a(lib_a-fini.o)
                0x0800177c                __libc_fini_array
 .text.__retarget_lock_acquire_recursive
                0x080017a8        0x4 d:/gcc-arm-none-eabi-10.3-2021.10/bin/../lib/gcc/arm-none-eabi/10.3.1/../../../../arm-none-eabi/lib/thumb/v7-m/nofp\libg.a(lib_a-lock.o)
                0x080017a8                __retarget_lock_acquire_recursive
 .text.__retarget_lock_release_recursive
                0x080017ac        0x4 d:/gcc-arm-none-eabi-10.3-2021.10/bin/../lib/gcc/arm-none-eabi/10.3.1/../../../../arm-none-eabi/lib/thumb/v7-m/nofp\libg.a(lib_a-lock.o)
                0x080017ac                __retarget_lock_release_recursive
 .text.__register_exitproc
                0x080017b0       0x8c d:/gcc-arm-none-eabi-10.3-2021.10/bin/../lib/gcc/arm-none-eabi/10.3.1/../../../../arm-none-eabi/lib/thumb/v7-m/nofp\libg.a(lib_a-__atexit.o)
                0x080017b0                __register_exitproc
 *(.glue_7)
 .glue_7        0x0800183c        0x0 linker stubs
 *(.glue_7t)
 .glue_7t       0x0800183c        0x0 linker stubs
 *(.eh_frame)
 .eh_frame      0x0800183c        0x0 d:/gcc-arm-none-eabi-10.3-2021.10/bin/../lib/gcc/arm-none-eabi/10.3.1/thumb/v7-m/nofp/crtbegin.o
 *(.init)
 .init          0x0800183c        0x4 d:/gcc-arm-none-eabi-10.3-2021.10/bin/../lib/gcc/arm-none-eabi/10.3.1/thumb/v7-m/nofp/crti.o
                0x0800183c                _init
 .init          0x08001840        0x8 d:/gcc-arm-none-eabi-10.3-2021.10/bin/../lib/gcc/arm-none-eabi/10.3.1/thumb/v7-m/nofp/crtn.o
 *(.fini)
 .fini          0x08001848        0x4 d:/gcc-arm-none-eabi-10.3-2021.10/bin/../lib/gcc/arm-none-eabi/10.3.1/thumb/v7-m/nofp/crti.o
                0x08001848                _fini
 .fini          0x0800184c        0x8 d:/gcc-arm-none-eabi-10.3-2021.10/bin/../lib/gcc/arm-none-eabi/10.3.1/thumb/v7-m/nofp/crtn.o
                0x08001854                . = ALIGN (0x4)
                0x08001854                _etext = .

.vfp11_veneer   0x08001854        0x0
 .vfp11_veneer  0x08001854        0x0 linker stubs

.v4_bx          0x08001854        0x0
 .v4_bx         0x08001854        0x0 linker stubs

.iplt           0x08001854        0x0
 .iplt          0x08001854        0x0 d:/gcc-arm-none-eabi-10.3-2021.10/bin/../lib/gcc/arm-none-eabi/10.3.1/thumb/v7-m/nofp/crtbegin.o

.rodata         0x08001854       0x28
                0x08001854                . = ALIGN (0x4)
 *(.rodata)
 *(.rodata*)
 .rodata.AHBPrescTable
                0x08001854       0x10 CMakeFiles/MySmartcar.elf.dir/Core/Src/system_stm32f1xx.c.obj
                0x08001854                AHBPrescTable
 .rodata.aPLLMULFactorTable.1
                0x08001864       0x10 CMakeFiles/MySmartcar.elf.dir/Drivers/STM32F1xx_HAL_Driver/Src/stm32f1xx_hal_rcc.c.obj
 .rodata.aPredivFactorTable.0
                0x08001874        0x2 CMakeFiles/MySmartcar.elf.dir/Drivers/STM32F1xx_HAL_Driver/Src/stm32f1xx_hal_rcc.c.obj
 *fill*         0x08001876        0x2 
 .rodata._global_impure_ptr
                0x08001878        0x4 d:/gcc-arm-none-eabi-10.3-2021.10/bin/../lib/gcc/arm-none-eabi/10.3.1/../../../../arm-none-eabi/lib/thumb/v7-m/nofp\libg.a(lib_a-impure.o)
                0x08001878                _global_impure_ptr
                0x0800187c                . = ALIGN (0x4)

.rel.dyn        0x0800187c        0x0
 .rel.iplt      0x0800187c        0x0 d:/gcc-arm-none-eabi-10.3-2021.10/bin/../lib/gcc/arm-none-eabi/10.3.1/thumb/v7-m/nofp/crtbegin.o

.ARM.extab      0x0800187c        0x0
                0x0800187c                . = ALIGN (0x4)
 *(.ARM.extab* .gnu.linkonce.armextab.*)
                0x0800187c                . = ALIGN (0x4)

.ARM            0x0800187c        0x0
                0x0800187c                . = ALIGN (0x4)
                0x0800187c                __exidx_start = .
 *(.ARM.exidx*)
                0x0800187c                __exidx_end = .
                0x0800187c                . = ALIGN (0x4)

.preinit_array  0x0800187c        0x0
                0x0800187c                . = ALIGN (0x4)
                0x0800187c                PROVIDE (__preinit_array_start = .)
 *(.preinit_array*)
                0x0800187c                PROVIDE (__preinit_array_end = .)
                0x0800187c                . = ALIGN (0x4)

.init_array     0x0800187c        0x8
                0x0800187c                . = ALIGN (0x4)
                0x0800187c                PROVIDE (__init_array_start = .)
 *(SORT_BY_NAME(.init_array.*))
 .init_array.00000
                0x0800187c        0x4 d:/gcc-arm-none-eabi-10.3-2021.10/bin/../lib/gcc/arm-none-eabi/10.3.1/../../../../arm-none-eabi/lib/thumb/v7-m/nofp\libg.a(lib_a-__call_atexit.o)
 *(.init_array*)
 .init_array    0x08001880        0x4 d:/gcc-arm-none-eabi-10.3-2021.10/bin/../lib/gcc/arm-none-eabi/10.3.1/thumb/v7-m/nofp/crtbegin.o
                0x08001884                PROVIDE (__init_array_end = .)
                0x08001884                . = ALIGN (0x4)

.fini_array     0x08001884        0x4
                0x08001884                . = ALIGN (0x4)
                0x08001884                PROVIDE (__fini_array_start = .)
 *(SORT_BY_NAME(.fini_array.*))
 *(.fini_array*)
 .fini_array    0x08001884        0x4 d:/gcc-arm-none-eabi-10.3-2021.10/bin/../lib/gcc/arm-none-eabi/10.3.1/thumb/v7-m/nofp/crtbegin.o
                0x08001888                PROVIDE (__fini_array_end = .)
                0x08001888                . = ALIGN (0x4)
                0x08001888                _sidata = LOADADDR (.data)

.data           0x20000000      0x43c load address 0x08001888
                0x20000000                . = ALIGN (0x4)
                0x20000000                _sdata = .
 *(.data)
 *(.data*)
 .data.SystemCoreClock
                0x20000000        0x4 CMakeFiles/MySmartcar.elf.dir/Core/Src/system_stm32f1xx.c.obj
                0x20000000                SystemCoreClock
 .data.uwTickFreq
                0x20000004        0x1 CMakeFiles/MySmartcar.elf.dir/Drivers/STM32F1xx_HAL_Driver/Src/stm32f1xx_hal.c.obj
                0x20000004                uwTickFreq
 *fill*         0x20000005        0x3 
 .data.uwTickPrio
                0x20000008        0x4 CMakeFiles/MySmartcar.elf.dir/Drivers/STM32F1xx_HAL_Driver/Src/stm32f1xx_hal.c.obj
                0x20000008                uwTickPrio
 *fill*         0x2000000c        0x4 
 .data.impure_data
                0x20000010      0x428 d:/gcc-arm-none-eabi-10.3-2021.10/bin/../lib/gcc/arm-none-eabi/10.3.1/../../../../arm-none-eabi/lib/thumb/v7-m/nofp\libg.a(lib_a-impure.o)
 .data.__atexit_recursive_mutex
                0x20000438        0x4 d:/gcc-arm-none-eabi-10.3-2021.10/bin/../lib/gcc/arm-none-eabi/10.3.1/../../../../arm-none-eabi/lib/thumb/v7-m/nofp\libg.a(lib_a-__call_atexit.o)
                0x20000438                __atexit_recursive_mutex
 *(.RamFunc)
 *(.RamFunc*)
                0x2000043c                . = ALIGN (0x4)
                0x2000043c                _edata = .

.igot.plt       0x2000043c        0x0 load address 0x08001cc4
 .igot.plt      0x2000043c        0x0 d:/gcc-arm-none-eabi-10.3-2021.10/bin/../lib/gcc/arm-none-eabi/10.3.1/thumb/v7-m/nofp/crtbegin.o
                0x2000043c                . = ALIGN (0x4)

.bss            0x2000043c       0x6c load address 0x08001cc4
                0x2000043c                _sbss = .
                0x2000043c                __bss_start__ = _sbss
 *(.bss)
 .bss           0x2000043c       0x1c d:/gcc-arm-none-eabi-10.3-2021.10/bin/../lib/gcc/arm-none-eabi/10.3.1/thumb/v7-m/nofp/crtbegin.o
 *(.bss*)
 .bss.htim1     0x20000458       0x48 CMakeFiles/MySmartcar.elf.dir/Core/Src/tim.c.obj
                0x20000458                htim1
 .bss.uwTick    0x200004a0        0x4 CMakeFiles/MySmartcar.elf.dir/Drivers/STM32F1xx_HAL_Driver/Src/stm32f1xx_hal.c.obj
                0x200004a0                uwTick
 .bss.__lock___atexit_recursive_mutex
                0x200004a4        0x1 d:/gcc-arm-none-eabi-10.3-2021.10/bin/../lib/gcc/arm-none-eabi/10.3.1/../../../../arm-none-eabi/lib/thumb/v7-m/nofp\libg.a(lib_a-lock.o)
                0x200004a4                __lock___atexit_recursive_mutex
 *(COMMON)
                0x200004a8                . = ALIGN (0x4)
 *fill*         0x200004a5        0x3 
                0x200004a8                _ebss = .
                0x200004a8                __bss_end__ = _ebss

._user_heap_stack
                0x200004a8      0x600 load address 0x08001cc4
                0x200004a8                . = ALIGN (0x8)
                [!provide]                PROVIDE (end = .)
                0x200004a8                PROVIDE (_end = .)
                0x200006a8                . = (. + _Min_Heap_Size)
 *fill*         0x200004a8      0x200 
                0x20000aa8                . = (. + _Min_Stack_Size)
 *fill*         0x200006a8      0x400 
                0x20000aa8                . = ALIGN (0x8)

/DISCARD/
 libc.a(*)
 libm.a(*)
 libgcc.a(*)

.ARM.attributes
                0x00000000       0x29
 *(.ARM.attributes)
 .ARM.attributes
                0x00000000       0x1d d:/gcc-arm-none-eabi-10.3-2021.10/bin/../lib/gcc/arm-none-eabi/10.3.1/thumb/v7-m/nofp/crti.o
 .ARM.attributes
                0x0000001d       0x2d d:/gcc-arm-none-eabi-10.3-2021.10/bin/../lib/gcc/arm-none-eabi/10.3.1/thumb/v7-m/nofp/crtbegin.o
 .ARM.attributes
                0x0000004a       0x2d CMakeFiles/MySmartcar.elf.dir/Core/Src/gpio.c.obj
 .ARM.attributes
                0x00000077       0x2d CMakeFiles/MySmartcar.elf.dir/Core/Src/main.c.obj
 .ARM.attributes
                0x000000a4       0x2d CMakeFiles/MySmartcar.elf.dir/Core/Src/stm32f1xx_hal_msp.c.obj
 .ARM.attributes
                0x000000d1       0x2d CMakeFiles/MySmartcar.elf.dir/Core/Src/stm32f1xx_it.c.obj
 .ARM.attributes
                0x000000fe       0x2d CMakeFiles/MySmartcar.elf.dir/Core/Src/system_stm32f1xx.c.obj
 .ARM.attributes
                0x0000012b       0x2d CMakeFiles/MySmartcar.elf.dir/Core/Src/tim.c.obj
 .ARM.attributes
                0x00000158       0x21 CMakeFiles/MySmartcar.elf.dir/Core/Startup/startup_stm32f103zetx.s.obj
 .ARM.attributes
                0x00000179       0x2d CMakeFiles/MySmartcar.elf.dir/Drivers/STM32F1xx_HAL_Driver/Src/stm32f1xx_hal.c.obj
 .ARM.attributes
                0x000001a6       0x2d CMakeFiles/MySmartcar.elf.dir/Drivers/STM32F1xx_HAL_Driver/Src/stm32f1xx_hal_cortex.c.obj
 .ARM.attributes
                0x000001d3       0x2d CMakeFiles/MySmartcar.elf.dir/Drivers/STM32F1xx_HAL_Driver/Src/stm32f1xx_hal_gpio.c.obj
 .ARM.attributes
                0x00000200       0x2d CMakeFiles/MySmartcar.elf.dir/Drivers/STM32F1xx_HAL_Driver/Src/stm32f1xx_hal_rcc.c.obj
 .ARM.attributes
                0x0000022d       0x2d CMakeFiles/MySmartcar.elf.dir/Drivers/STM32F1xx_HAL_Driver/Src/stm32f1xx_hal_tim.c.obj
 .ARM.attributes
                0x0000025a       0x2d CMakeFiles/MySmartcar.elf.dir/Drivers/STM32F1xx_HAL_Driver/Src/stm32f1xx_hal_tim_ex.c.obj
 .ARM.attributes
                0x00000287       0x2d d:/gcc-arm-none-eabi-10.3-2021.10/bin/../lib/gcc/arm-none-eabi/10.3.1/../../../../arm-none-eabi/lib/thumb/v7-m/nofp\libg.a(lib_a-impure.o)
 .ARM.attributes
                0x000002b4       0x2d d:/gcc-arm-none-eabi-10.3-2021.10/bin/../lib/gcc/arm-none-eabi/10.3.1/../../../../arm-none-eabi/lib/thumb/v7-m/nofp\libg.a(lib_a-init.o)
 .ARM.attributes
                0x000002e1       0x2d d:/gcc-arm-none-eabi-10.3-2021.10/bin/../lib/gcc/arm-none-eabi/10.3.1/../../../../arm-none-eabi/lib/thumb/v7-m/nofp\libg.a(lib_a-memset.o)
 .ARM.attributes
                0x0000030e       0x2d d:/gcc-arm-none-eabi-10.3-2021.10/bin/../lib/gcc/arm-none-eabi/10.3.1/../../../../arm-none-eabi/lib/thumb/v7-m/nofp\libg.a(lib_a-__call_atexit.o)
 .ARM.attributes
                0x0000033b       0x2d d:/gcc-arm-none-eabi-10.3-2021.10/bin/../lib/gcc/arm-none-eabi/10.3.1/../../../../arm-none-eabi/lib/thumb/v7-m/nofp\libg.a(lib_a-atexit.o)
 .ARM.attributes
                0x00000368       0x2d d:/gcc-arm-none-eabi-10.3-2021.10/bin/../lib/gcc/arm-none-eabi/10.3.1/../../../../arm-none-eabi/lib/thumb/v7-m/nofp\libg.a(lib_a-fini.o)
 .ARM.attributes
                0x00000395       0x2d d:/gcc-arm-none-eabi-10.3-2021.10/bin/../lib/gcc/arm-none-eabi/10.3.1/../../../../arm-none-eabi/lib/thumb/v7-m/nofp\libg.a(lib_a-lock.o)
 .ARM.attributes
                0x000003c2       0x2d d:/gcc-arm-none-eabi-10.3-2021.10/bin/../lib/gcc/arm-none-eabi/10.3.1/../../../../arm-none-eabi/lib/thumb/v7-m/nofp\libg.a(lib_a-__atexit.o)
 .ARM.attributes
                0x000003ef       0x1d d:/gcc-arm-none-eabi-10.3-2021.10/bin/../lib/gcc/arm-none-eabi/10.3.1/thumb/v7-m/nofp/crtn.o
OUTPUT(MySmartcar.elf elf32-littlearm)
LOAD linker stubs
LOAD d:/gcc-arm-none-eabi-10.3-2021.10/bin/../lib/gcc/arm-none-eabi/10.3.1/../../../../arm-none-eabi/lib/thumb/v7-m/nofp\libc.a
LOAD d:/gcc-arm-none-eabi-10.3-2021.10/bin/../lib/gcc/arm-none-eabi/10.3.1/../../../../arm-none-eabi/lib/thumb/v7-m/nofp\libm.a
LOAD d:/gcc-arm-none-eabi-10.3-2021.10/bin/../lib/gcc/arm-none-eabi/10.3.1/thumb/v7-m/nofp\libgcc.a

.debug_info     0x00000000     0x9de7
 .debug_info    0x00000000      0x17c CMakeFiles/MySmartcar.elf.dir/Core/Src/gpio.c.obj
 .debug_info    0x0000017c      0x318 CMakeFiles/MySmartcar.elf.dir/Core/Src/main.c.obj
 .debug_info    0x00000494      0x211 CMakeFiles/MySmartcar.elf.dir/Core/Src/stm32f1xx_hal_msp.c.obj
 .debug_info    0x000006a5      0x6ff CMakeFiles/MySmartcar.elf.dir/Core/Src/stm32f1xx_it.c.obj
 .debug_info    0x00000da4      0x248 CMakeFiles/MySmartcar.elf.dir/Core/Src/system_stm32f1xx.c.obj
 .debug_info    0x00000fec      0xf24 CMakeFiles/MySmartcar.elf.dir/Core/Src/tim.c.obj
 .debug_info    0x00001f10       0x22 CMakeFiles/MySmartcar.elf.dir/Core/Startup/startup_stm32f103zetx.s.obj
 .debug_info    0x00001f32      0x80e CMakeFiles/MySmartcar.elf.dir/Drivers/STM32F1xx_HAL_Driver/Src/stm32f1xx_hal.c.obj
 .debug_info    0x00002740      0xdf0 CMakeFiles/MySmartcar.elf.dir/Drivers/STM32F1xx_HAL_Driver/Src/stm32f1xx_hal_cortex.c.obj
 .debug_info    0x00003530      0x66f CMakeFiles/MySmartcar.elf.dir/Drivers/STM32F1xx_HAL_Driver/Src/stm32f1xx_hal_gpio.c.obj
 .debug_info    0x00003b9f      0xa3b CMakeFiles/MySmartcar.elf.dir/Drivers/STM32F1xx_HAL_Driver/Src/stm32f1xx_hal_rcc.c.obj
 .debug_info    0x000045da     0x3d52 CMakeFiles/MySmartcar.elf.dir/Drivers/STM32F1xx_HAL_Driver/Src/stm32f1xx_hal_tim.c.obj
 .debug_info    0x0000832c     0x1abb CMakeFiles/MySmartcar.elf.dir/Drivers/STM32F1xx_HAL_Driver/Src/stm32f1xx_hal_tim_ex.c.obj

.debug_abbrev   0x00000000     0x1605
 .debug_abbrev  0x00000000       0xbf CMakeFiles/MySmartcar.elf.dir/Core/Src/gpio.c.obj
 .debug_abbrev  0x000000bf      0x162 CMakeFiles/MySmartcar.elf.dir/Core/Src/main.c.obj
 .debug_abbrev  0x00000221       0xe5 CMakeFiles/MySmartcar.elf.dir/Core/Src/stm32f1xx_hal_msp.c.obj
 .debug_abbrev  0x00000306      0x179 CMakeFiles/MySmartcar.elf.dir/Core/Src/stm32f1xx_it.c.obj
 .debug_abbrev  0x0000047f      0x13e CMakeFiles/MySmartcar.elf.dir/Core/Src/system_stm32f1xx.c.obj
 .debug_abbrev  0x000005bd      0x214 CMakeFiles/MySmartcar.elf.dir/Core/Src/tim.c.obj
 .debug_abbrev  0x000007d1       0x12 CMakeFiles/MySmartcar.elf.dir/Core/Startup/startup_stm32f103zetx.s.obj
 .debug_abbrev  0x000007e3      0x1f4 CMakeFiles/MySmartcar.elf.dir/Drivers/STM32F1xx_HAL_Driver/Src/stm32f1xx_hal.c.obj
 .debug_abbrev  0x000009d7      0x341 CMakeFiles/MySmartcar.elf.dir/Drivers/STM32F1xx_HAL_Driver/Src/stm32f1xx_hal_cortex.c.obj
 .debug_abbrev  0x00000d18      0x1e6 CMakeFiles/MySmartcar.elf.dir/Drivers/STM32F1xx_HAL_Driver/Src/stm32f1xx_hal_gpio.c.obj
 .debug_abbrev  0x00000efe      0x27a CMakeFiles/MySmartcar.elf.dir/Drivers/STM32F1xx_HAL_Driver/Src/stm32f1xx_hal_rcc.c.obj
 .debug_abbrev  0x00001178      0x245 CMakeFiles/MySmartcar.elf.dir/Drivers/STM32F1xx_HAL_Driver/Src/stm32f1xx_hal_tim.c.obj
 .debug_abbrev  0x000013bd      0x248 CMakeFiles/MySmartcar.elf.dir/Drivers/STM32F1xx_HAL_Driver/Src/stm32f1xx_hal_tim_ex.c.obj

.debug_aranges  0x00000000      0x8f0
 .debug_aranges
                0x00000000       0x20 CMakeFiles/MySmartcar.elf.dir/Core/Src/gpio.c.obj
 .debug_aranges
                0x00000020       0x30 CMakeFiles/MySmartcar.elf.dir/Core/Src/main.c.obj
 .debug_aranges
                0x00000050       0x20 CMakeFiles/MySmartcar.elf.dir/Core/Src/stm32f1xx_hal_msp.c.obj
 .debug_aranges
                0x00000070       0x68 CMakeFiles/MySmartcar.elf.dir/Core/Src/stm32f1xx_it.c.obj
 .debug_aranges
                0x000000d8       0x28 CMakeFiles/MySmartcar.elf.dir/Core/Src/system_stm32f1xx.c.obj
 .debug_aranges
                0x00000100       0x38 CMakeFiles/MySmartcar.elf.dir/Core/Src/tim.c.obj
 .debug_aranges
                0x00000138       0x28 CMakeFiles/MySmartcar.elf.dir/Core/Startup/startup_stm32f103zetx.s.obj
 .debug_aranges
                0x00000160       0xe0 CMakeFiles/MySmartcar.elf.dir/Drivers/STM32F1xx_HAL_Driver/Src/stm32f1xx_hal.c.obj
 .debug_aranges
                0x00000240       0x90 CMakeFiles/MySmartcar.elf.dir/Drivers/STM32F1xx_HAL_Driver/Src/stm32f1xx_hal_cortex.c.obj
 .debug_aranges
                0x000002d0       0x58 CMakeFiles/MySmartcar.elf.dir/Drivers/STM32F1xx_HAL_Driver/Src/stm32f1xx_hal_gpio.c.obj
 .debug_aranges
                0x00000328       0x90 CMakeFiles/MySmartcar.elf.dir/Drivers/STM32F1xx_HAL_Driver/Src/stm32f1xx_hal_rcc.c.obj
 .debug_aranges
                0x000003b8      0x3d0 CMakeFiles/MySmartcar.elf.dir/Drivers/STM32F1xx_HAL_Driver/Src/stm32f1xx_hal_tim.c.obj
 .debug_aranges
                0x00000788      0x168 CMakeFiles/MySmartcar.elf.dir/Drivers/STM32F1xx_HAL_Driver/Src/stm32f1xx_hal_tim_ex.c.obj

.debug_ranges   0x00000000      0x8a8
 .debug_ranges  0x00000000       0x10 CMakeFiles/MySmartcar.elf.dir/Core/Src/gpio.c.obj
 .debug_ranges  0x00000010       0x20 CMakeFiles/MySmartcar.elf.dir/Core/Src/main.c.obj
 .debug_ranges  0x00000030       0x10 CMakeFiles/MySmartcar.elf.dir/Core/Src/stm32f1xx_hal_msp.c.obj
 .debug_ranges  0x00000040       0x58 CMakeFiles/MySmartcar.elf.dir/Core/Src/stm32f1xx_it.c.obj
 .debug_ranges  0x00000098       0x18 CMakeFiles/MySmartcar.elf.dir/Core/Src/system_stm32f1xx.c.obj
 .debug_ranges  0x000000b0       0x28 CMakeFiles/MySmartcar.elf.dir/Core/Src/tim.c.obj
 .debug_ranges  0x000000d8       0x20 CMakeFiles/MySmartcar.elf.dir/Core/Startup/startup_stm32f103zetx.s.obj
 .debug_ranges  0x000000f8       0xd0 CMakeFiles/MySmartcar.elf.dir/Drivers/STM32F1xx_HAL_Driver/Src/stm32f1xx_hal.c.obj
 .debug_ranges  0x000001c8       0xe0 CMakeFiles/MySmartcar.elf.dir/Drivers/STM32F1xx_HAL_Driver/Src/stm32f1xx_hal_cortex.c.obj
 .debug_ranges  0x000002a8       0x48 CMakeFiles/MySmartcar.elf.dir/Drivers/STM32F1xx_HAL_Driver/Src/stm32f1xx_hal_gpio.c.obj
 .debug_ranges  0x000002f0       0xa0 CMakeFiles/MySmartcar.elf.dir/Drivers/STM32F1xx_HAL_Driver/Src/stm32f1xx_hal_rcc.c.obj
 .debug_ranges  0x00000390      0x3c0 CMakeFiles/MySmartcar.elf.dir/Drivers/STM32F1xx_HAL_Driver/Src/stm32f1xx_hal_tim.c.obj
 .debug_ranges  0x00000750      0x158 CMakeFiles/MySmartcar.elf.dir/Drivers/STM32F1xx_HAL_Driver/Src/stm32f1xx_hal_tim_ex.c.obj

.debug_line     0x00000000     0x9586
 .debug_line    0x00000000      0x16b CMakeFiles/MySmartcar.elf.dir/Core/Src/gpio.c.obj
 .debug_line    0x0000016b      0x2f9 CMakeFiles/MySmartcar.elf.dir/Core/Src/main.c.obj
 .debug_line    0x00000464      0x17f CMakeFiles/MySmartcar.elf.dir/Core/Src/stm32f1xx_hal_msp.c.obj
 .debug_line    0x000005e3      0x30f CMakeFiles/MySmartcar.elf.dir/Core/Src/stm32f1xx_it.c.obj
 .debug_line    0x000008f2      0x248 CMakeFiles/MySmartcar.elf.dir/Core/Src/system_stm32f1xx.c.obj
 .debug_line    0x00000b3a      0x492 CMakeFiles/MySmartcar.elf.dir/Core/Src/tim.c.obj
 .debug_line    0x00000fcc       0xa4 CMakeFiles/MySmartcar.elf.dir/Core/Startup/startup_stm32f103zetx.s.obj
 .debug_line    0x00001070      0x570 CMakeFiles/MySmartcar.elf.dir/Drivers/STM32F1xx_HAL_Driver/Src/stm32f1xx_hal.c.obj
 .debug_line    0x000015e0      0x65b CMakeFiles/MySmartcar.elf.dir/Drivers/STM32F1xx_HAL_Driver/Src/stm32f1xx_hal_cortex.c.obj
 .debug_line    0x00001c3b      0x617 CMakeFiles/MySmartcar.elf.dir/Drivers/STM32F1xx_HAL_Driver/Src/stm32f1xx_hal_gpio.c.obj
 .debug_line    0x00002252      0xc40 CMakeFiles/MySmartcar.elf.dir/Drivers/STM32F1xx_HAL_Driver/Src/stm32f1xx_hal_rcc.c.obj
 .debug_line    0x00002e92     0x4a7e CMakeFiles/MySmartcar.elf.dir/Drivers/STM32F1xx_HAL_Driver/Src/stm32f1xx_hal_tim.c.obj
 .debug_line    0x00007910     0x1c76 CMakeFiles/MySmartcar.elf.dir/Drivers/STM32F1xx_HAL_Driver/Src/stm32f1xx_hal_tim_ex.c.obj

.debug_str      0x00000000     0x2e95
 .debug_str     0x00000000      0x1e0 CMakeFiles/MySmartcar.elf.dir/Core/Src/gpio.c.obj
                                0x21d (size before relaxing)
 .debug_str     0x000001e0      0x1e7 CMakeFiles/MySmartcar.elf.dir/Core/Src/main.c.obj
                                0x395 (size before relaxing)
 .debug_str     0x000003c7       0x77 CMakeFiles/MySmartcar.elf.dir/Core/Src/stm32f1xx_hal_msp.c.obj
                                0x257 (size before relaxing)
 .debug_str     0x0000043e      0x54f CMakeFiles/MySmartcar.elf.dir/Core/Src/stm32f1xx_it.c.obj
                                0x74f (size before relaxing)
 .debug_str     0x0000098d       0xa5 CMakeFiles/MySmartcar.elf.dir/Core/Src/system_stm32f1xx.c.obj
                                0x28c (size before relaxing)
 .debug_str     0x00000a32      0x70a CMakeFiles/MySmartcar.elf.dir/Core/Src/tim.c.obj
                                0xe49 (size before relaxing)
 .debug_str     0x0000113c       0x53 CMakeFiles/MySmartcar.elf.dir/Core/Startup/startup_stm32f103zetx.s.obj
                                 0x85 (size before relaxing)
 .debug_str     0x0000118f      0x32b CMakeFiles/MySmartcar.elf.dir/Drivers/STM32F1xx_HAL_Driver/Src/stm32f1xx_hal.c.obj
                                0x940 (size before relaxing)
 .debug_str     0x000014ba      0x3bb CMakeFiles/MySmartcar.elf.dir/Drivers/STM32F1xx_HAL_Driver/Src/stm32f1xx_hal_cortex.c.obj
                                0x9ef (size before relaxing)
 .debug_str     0x00001875      0x175 CMakeFiles/MySmartcar.elf.dir/Drivers/STM32F1xx_HAL_Driver/Src/stm32f1xx_hal_gpio.c.obj
                                0x438 (size before relaxing)
 .debug_str     0x000019ea      0x211 CMakeFiles/MySmartcar.elf.dir/Drivers/STM32F1xx_HAL_Driver/Src/stm32f1xx_hal_rcc.c.obj
                                0x663 (size before relaxing)
 .debug_str     0x00001bfb      0xe0b CMakeFiles/MySmartcar.elf.dir/Drivers/STM32F1xx_HAL_Driver/Src/stm32f1xx_hal_tim.c.obj
                               0x1677 (size before relaxing)
 .debug_str     0x00002a06      0x48f CMakeFiles/MySmartcar.elf.dir/Drivers/STM32F1xx_HAL_Driver/Src/stm32f1xx_hal_tim_ex.c.obj
                                0xe78 (size before relaxing)

.comment        0x00000000       0x49
 .comment       0x00000000       0x49 CMakeFiles/MySmartcar.elf.dir/Core/Src/gpio.c.obj
                                 0x4a (size before relaxing)
 .comment       0x00000049       0x4a CMakeFiles/MySmartcar.elf.dir/Core/Src/main.c.obj
 .comment       0x00000049       0x4a CMakeFiles/MySmartcar.elf.dir/Core/Src/stm32f1xx_hal_msp.c.obj
 .comment       0x00000049       0x4a CMakeFiles/MySmartcar.elf.dir/Core/Src/stm32f1xx_it.c.obj
 .comment       0x00000049       0x4a CMakeFiles/MySmartcar.elf.dir/Core/Src/system_stm32f1xx.c.obj
 .comment       0x00000049       0x4a CMakeFiles/MySmartcar.elf.dir/Core/Src/tim.c.obj
 .comment       0x00000049       0x4a CMakeFiles/MySmartcar.elf.dir/Drivers/STM32F1xx_HAL_Driver/Src/stm32f1xx_hal.c.obj
 .comment       0x00000049       0x4a CMakeFiles/MySmartcar.elf.dir/Drivers/STM32F1xx_HAL_Driver/Src/stm32f1xx_hal_cortex.c.obj
 .comment       0x00000049       0x4a CMakeFiles/MySmartcar.elf.dir/Drivers/STM32F1xx_HAL_Driver/Src/stm32f1xx_hal_gpio.c.obj
 .comment       0x00000049       0x4a CMakeFiles/MySmartcar.elf.dir/Drivers/STM32F1xx_HAL_Driver/Src/stm32f1xx_hal_rcc.c.obj
 .comment       0x00000049       0x4a CMakeFiles/MySmartcar.elf.dir/Drivers/STM32F1xx_HAL_Driver/Src/stm32f1xx_hal_tim.c.obj
 .comment       0x00000049       0x4a CMakeFiles/MySmartcar.elf.dir/Drivers/STM32F1xx_HAL_Driver/Src/stm32f1xx_hal_tim_ex.c.obj

.debug_frame    0x00000000     0x1868
 .debug_frame   0x00000000       0x28 CMakeFiles/MySmartcar.elf.dir/Core/Src/gpio.c.obj
 .debug_frame   0x00000028       0x58 CMakeFiles/MySmartcar.elf.dir/Core/Src/main.c.obj
 .debug_frame   0x00000080       0x28 CMakeFiles/MySmartcar.elf.dir/Core/Src/stm32f1xx_hal_msp.c.obj
 .debug_frame   0x000000a8       0xc0 CMakeFiles/MySmartcar.elf.dir/Core/Src/stm32f1xx_it.c.obj
 .debug_frame   0x00000168       0x30 CMakeFiles/MySmartcar.elf.dir/Core/Src/system_stm32f1xx.c.obj
 .debug_frame   0x00000198       0x88 CMakeFiles/MySmartcar.elf.dir/Core/Src/tim.c.obj
 .debug_frame   0x00000220      0x1cc CMakeFiles/MySmartcar.elf.dir/Drivers/STM32F1xx_HAL_Driver/Src/stm32f1xx_hal.c.obj
 .debug_frame   0x000003ec      0x118 CMakeFiles/MySmartcar.elf.dir/Drivers/STM32F1xx_HAL_Driver/Src/stm32f1xx_hal_cortex.c.obj
 .debug_frame   0x00000504       0xe4 CMakeFiles/MySmartcar.elf.dir/Drivers/STM32F1xx_HAL_Driver/Src/stm32f1xx_hal_gpio.c.obj
 .debug_frame   0x000005e8      0x184 CMakeFiles/MySmartcar.elf.dir/Drivers/STM32F1xx_HAL_Driver/Src/stm32f1xx_hal_rcc.c.obj
 .debug_frame   0x0000076c      0xb04 CMakeFiles/MySmartcar.elf.dir/Drivers/STM32F1xx_HAL_Driver/Src/stm32f1xx_hal_tim.c.obj
 .debug_frame   0x00001270      0x40c CMakeFiles/MySmartcar.elf.dir/Drivers/STM32F1xx_HAL_Driver/Src/stm32f1xx_hal_tim_ex.c.obj
 .debug_frame   0x0000167c       0x2c d:/gcc-arm-none-eabi-10.3-2021.10/bin/../lib/gcc/arm-none-eabi/10.3.1/../../../../arm-none-eabi/lib/thumb/v7-m/nofp\libg.a(lib_a-init.o)
 .debug_frame   0x000016a8       0x2c d:/gcc-arm-none-eabi-10.3-2021.10/bin/../lib/gcc/arm-none-eabi/10.3.1/../../../../arm-none-eabi/lib/thumb/v7-m/nofp\libg.a(lib_a-memset.o)
 .debug_frame   0x000016d4       0x5c d:/gcc-arm-none-eabi-10.3-2021.10/bin/../lib/gcc/arm-none-eabi/10.3.1/../../../../arm-none-eabi/lib/thumb/v7-m/nofp\libg.a(lib_a-__call_atexit.o)
 .debug_frame   0x00001730       0x20 d:/gcc-arm-none-eabi-10.3-2021.10/bin/../lib/gcc/arm-none-eabi/10.3.1/../../../../arm-none-eabi/lib/thumb/v7-m/nofp\libg.a(lib_a-atexit.o)
 .debug_frame   0x00001750       0x34 d:/gcc-arm-none-eabi-10.3-2021.10/bin/../lib/gcc/arm-none-eabi/10.3.1/../../../../arm-none-eabi/lib/thumb/v7-m/nofp\libg.a(lib_a-fini.o)
 .debug_frame   0x00001784       0xb0 d:/gcc-arm-none-eabi-10.3-2021.10/bin/../lib/gcc/arm-none-eabi/10.3.1/../../../../arm-none-eabi/lib/thumb/v7-m/nofp\libg.a(lib_a-lock.o)
 .debug_frame   0x00001834       0x34 d:/gcc-arm-none-eabi-10.3-2021.10/bin/../lib/gcc/arm-none-eabi/10.3.1/../../../../arm-none-eabi/lib/thumb/v7-m/nofp\libg.a(lib_a-__atexit.o)

.debug_loc      0x00000000     0x822f
 .debug_loc     0x00000000       0x15 CMakeFiles/MySmartcar.elf.dir/Core/Src/stm32f1xx_hal_msp.c.obj
 .debug_loc     0x00000015       0xff CMakeFiles/MySmartcar.elf.dir/Core/Src/system_stm32f1xx.c.obj
 .debug_loc     0x00000114       0xf5 CMakeFiles/MySmartcar.elf.dir/Core/Src/tim.c.obj
 .debug_loc     0x00000209      0x141 CMakeFiles/MySmartcar.elf.dir/Drivers/STM32F1xx_HAL_Driver/Src/stm32f1xx_hal.c.obj
 .debug_loc     0x0000034a      0x71f CMakeFiles/MySmartcar.elf.dir/Drivers/STM32F1xx_HAL_Driver/Src/stm32f1xx_hal_cortex.c.obj
 .debug_loc     0x00000a69      0x47d CMakeFiles/MySmartcar.elf.dir/Drivers/STM32F1xx_HAL_Driver/Src/stm32f1xx_hal_gpio.c.obj
 .debug_loc     0x00000ee6      0x618 CMakeFiles/MySmartcar.elf.dir/Drivers/STM32F1xx_HAL_Driver/Src/stm32f1xx_hal_rcc.c.obj
 .debug_loc     0x000014fe     0x5084 CMakeFiles/MySmartcar.elf.dir/Drivers/STM32F1xx_HAL_Driver/Src/stm32f1xx_hal_tim.c.obj
 .debug_loc     0x00006582     0x1cad CMakeFiles/MySmartcar.elf.dir/Drivers/STM32F1xx_HAL_Driver/Src/stm32f1xx_hal_tim_ex.c.obj
